testststArray
(
    [0] => stdClass Object
        (
            [id] => 1
            [ids] => c84c518a5f3103308b301e9d4fd465c8
            [uid] => 40
            [seller_permission] => 
            [sub_cat_id] => 1
            [name] => 08subsub
            [desc] => <p>08subsub</p>
            [image] => 
            [sort] => 1
            [status] => 1
            [created] => 2020-06-14 23:24:26
            [changed] => 
            [lang] => en
        )

    [1] => stdClass Object
        (
            [id] => 2
            [ids] => 4f71859374bbd59e73cb90d3f0778991
            [uid] => 40
            [seller_permission] => 
            [sub_cat_id] => 2
            [name] => 01subsub
            [desc] => <p>081subsub</p>
            [image] => 
            [sort] => 1
            [status] => 1
            [created] => 2020-06-14 23:25:20
            [changed] => 2020-09-27 11:45:16
            [lang] => en
        )

    [2] => stdClass Object
        (
            [id] => 3
            [ids] => 79281f81f253ae5714ed29b8bbd1cf94
            [uid] => 40
            [seller_permission] => 
            [sub_cat_id] => 3
            [name] => 09subsub
            [desc] => <p>09subsub</p>
            [image] => 
            [sort] => 1
            [status] => 1
            [created] => 2020-06-14 23:41:16
            [changed] => 2020-06-14 23:41:16
            [lang] => en
        )

    [3] => stdClass Object
        (
            [id] => 4
            [ids] => 9237a5a23fe050e58c25f808637d7c08
            [uid] => 40
            [seller_permission] => 
            [sub_cat_id] => 4
            [name] => 091subsub
            [desc] => <p>091subsub</p>
            [image] => 
            [sort] => 1
            [status] => 1
            [created] => 2020-06-14 23:42:22
            [changed] => 2020-06-14 23:42:22
            [lang] => en
        )

)
Array
(
    [0] => stdClass Object
        (
            [id] => 1
            [ids] => c84c518a5f3103308b301e9d4fd465c8
            [uid] => 40
            [seller_permission] => 
            [sub_cat_id] => 1
            [name] => 08subsub
            [desc] => <p>08subsub</p>
            [image] => 
            [sort] => 1
            [status] => 1
            [created] => 2020-06-14 23:24:26
            [changed] => 
            [lang] => en
        )

    [1] => stdClass Object
        (
            [id] => 2
            [ids] => 4f71859374bbd59e73cb90d3f0778991
            [uid] => 40
            [seller_permission] => 
            [sub_cat_id] => 2
            [name] => 01subsub
            [desc] => <p>081subsub</p>
            [image] => 
            [sort] => 1
            [status] => 1
            [created] => 2020-06-14 23:25:20
            [changed] => 2020-09-27 11:45:16
            [lang] => en
        )

    [2] => stdClass Object
        (
            [id] => 3
            [ids] => 79281f81f253ae5714ed29b8bbd1cf94
            [uid] => 40
            [seller_permission] => 
            [sub_cat_id] => 3
            [name] => 09subsub
            [desc] => <p>09subsub</p>
            [image] => 
            [sort] => 1
            [status] => 1
            [created] => 2020-06-14 23:41:16
            [changed] => 2020-06-14 23:41:16
            [lang] => en
        )

    [3] => stdClass Object
        (
            [id] => 4
            [ids] => 9237a5a23fe050e58c25f808637d7c08
            [uid] => 40
            [seller_permission] => 
            [sub_cat_id] => 4
            [name] => 091subsub
            [desc] => <p>091subsub</p>
            [image] => 
            [sort] => 1
            [status] => 1
            [created] => 2020-06-14 23:42:22
            [changed] => 2020-06-14 23:42:22
            [lang] => en
        )

)
Array
(
    [0] => stdClass Object
        (
            [id] => 1
            [ids] => c84c518a5f3103308b301e9d4fd465c8
            [uid] => 40
            [seller_permission] => 
            [sub_cat_id] => 1
            [name] => 08subsub
            [desc] => <p>08subsub</p>
            [image] => 
            [sort] => 1
            [status] => 1
            [created] => 2020-06-14 23:24:26
            [changed] => 
            [lang] => en
        )

    [1] => stdClass Object
        (
            [id] => 2
            [ids] => 4f71859374bbd59e73cb90d3f0778991
            [uid] => 40
            [seller_permission] => 
            [sub_cat_id] => 2
            [name] => 01subsub
            [desc] => <p>081subsub</p>
            [image] => 
            [sort] => 1
            [status] => 1
            [created] => 2020-06-14 23:25:20
            [changed] => 2020-09-27 11:45:16
            [lang] => en
        )

    [2] => stdClass Object
        (
            [id] => 3
            [ids] => 79281f81f253ae5714ed29b8bbd1cf94
            [uid] => 40
            [seller_permission] => 
            [sub_cat_id] => 3
            [name] => 09subsub
            [desc] => <p>09subsub</p>
            [image] => 
            [sort] => 1
            [status] => 1
            [created] => 2020-06-14 23:41:16
            [changed] => 2020-06-14 23:41:16
            [lang] => en
        )

    [3] => stdClass Object
        (
            [id] => 4
            [ids] => 9237a5a23fe050e58c25f808637d7c08
            [uid] => 40
            [seller_permission] => 
            [sub_cat_id] => 4
            [name] => 091subsub
            [desc] => <p>091subsub</p>
            [image] => 
            [sort] => 1
            [status] => 1
            [created] => 2020-06-14 23:42:22
            [changed] => 2020-06-14 23:42:22
            [lang] => en
        )

)
Array
(
    [0] => stdClass Object
        (
            [id] => 1
            [ids] => c84c518a5f3103308b301e9d4fd465c8
            [uid] => 40
            [seller_permission] => 
            [sub_cat_id] => 1
            [name] => 08subsub
            [desc] => <p>08subsub</p>
            [image] => 
            [sort] => 1
            [status] => 1
            [created] => 2020-06-14 23:24:26
            [changed] => 
            [lang] => en
        )

    [1] => stdClass Object
        (
            [id] => 2
            [ids] => 4f71859374bbd59e73cb90d3f0778991
            [uid] => 40
            [seller_permission] => 
            [sub_cat_id] => 2
            [name] => 01subsub
            [desc] => <p>081subsub</p>
            [image] => 
            [sort] => 1
            [status] => 1
            [created] => 2020-06-14 23:25:20
            [changed] => 2020-09-27 11:45:16
            [lang] => en
        )

    [2] => stdClass Object
        (
            [id] => 3
            [ids] => 79281f81f253ae5714ed29b8bbd1cf94
            [uid] => 40
            [seller_permission] => 
            [sub_cat_id] => 3
            [name] => 09subsub
            [desc] => <p>09subsub</p>
            [image] => 
            [sort] => 1
            [status] => 1
            [created] => 2020-06-14 23:41:16
            [changed] => 2020-06-14 23:41:16
            [lang] => en
        )

    [3] => stdClass Object
        (
            [id] => 4
            [ids] => 9237a5a23fe050e58c25f808637d7c08
            [uid] => 40
            [seller_permission] => 
            [sub_cat_id] => 4
            [name] => 091subsub
            [desc] => <p>091subsub</p>
            [image] => 
            [sort] => 1
            [status] => 1
            [created] => 2020-06-14 23:42:22
            [changed] => 2020-06-14 23:42:22
            [lang] => en
        )

)
Array
(
    [0] => stdClass Object
        (
            [id] => 1
            [ids] => c84c518a5f3103308b301e9d4fd465c8
            [uid] => 40
            [seller_permission] => 
            [sub_cat_id] => 1
            [name] => 08subsub
            [desc] => <p>08subsub</p>
            [image] => 
            [sort] => 1
            [status] => 1
            [created] => 2020-06-14 23:24:26
            [changed] => 
            [lang] => en
        )

    [1] => stdClass Object
        (
            [id] => 2
            [ids] => 4f71859374bbd59e73cb90d3f0778991
            [uid] => 40
            [seller_permission] => 
            [sub_cat_id] => 2
            [name] => 01subsub
            [desc] => <p>081subsub</p>
            [image] => 
            [sort] => 1
            [status] => 1
            [created] => 2020-06-14 23:25:20
            [changed] => 2020-09-27 11:45:16
            [lang] => en
        )

    [2] => stdClass Object
        (
            [id] => 3
            [ids] => 79281f81f253ae5714ed29b8bbd1cf94
            [uid] => 40
            [seller_permission] => 
            [sub_cat_id] => 3
            [name] => 09subsub
            [desc] => <p>09subsub</p>
            [image] => 
            [sort] => 1
            [status] => 1
            [created] => 2020-06-14 23:41:16
            [changed] => 2020-06-14 23:41:16
            [lang] => en
        )

    [3] => stdClass Object
        (
            [id] => 4
            [ids] => 9237a5a23fe050e58c25f808637d7c08
            [uid] => 40
            [seller_permission] => 
            [sub_cat_id] => 4
            [name] => 091subsub
            [desc] => <p>091subsub</p>
            [image] => 
            [sort] => 1
            [status] => 1
            [created] => 2020-06-14 23:42:22
            [changed] => 2020-06-14 23:42:22
            [lang] => en
        )

)
Array
(
    [0] => stdClass Object
        (
            [id] => 1
            [ids] => c84c518a5f3103308b301e9d4fd465c8
            [uid] => 40
            [seller_permission] => 
            [sub_cat_id] => 1
            [name] => 08subsub
            [desc] => <p>08subsub</p>
            [image] => 
            [sort] => 1
            [status] => 1
            [created] => 2020-06-14 23:24:26
            [changed] => 
            [lang] => en
        )

    [1] => stdClass Object
        (
            [id] => 2
            [ids] => 4f71859374bbd59e73cb90d3f0778991
            [uid] => 40
            [seller_permission] => 
            [sub_cat_id] => 2
            [name] => 01subsub
            [desc] => <p>081subsub</p>
            [image] => 
            [sort] => 1
            [status] => 1
            [created] => 2020-06-14 23:25:20
            [changed] => 2020-09-27 11:45:16
            [lang] => en
        )

    [2] => stdClass Object
        (
            [id] => 3
            [ids] => 79281f81f253ae5714ed29b8bbd1cf94
            [uid] => 40
            [seller_permission] => 
            [sub_cat_id] => 3
            [name] => 09subsub
            [desc] => <p>09subsub</p>
            [image] => 
            [sort] => 1
            [status] => 1
            [created] => 2020-06-14 23:41:16
            [changed] => 2020-06-14 23:41:16
            [lang] => en
        )

    [3] => stdClass Object
        (
            [id] => 4
            [ids] => 9237a5a23fe050e58c25f808637d7c08
            [uid] => 40
            [seller_permission] => 
            [sub_cat_id] => 4
            [name] => 091subsub
            [desc] => <p>091subsub</p>
            [image] => 
            [sort] => 1
            [status] => 1
            [created] => 2020-06-14 23:42:22
            [changed] => 2020-06-14 23:42:22
            [lang] => en
        )

)
Array
(
    [0] => stdClass Object
        (
            [id] => 1
            [ids] => c84c518a5f3103308b301e9d4fd465c8
            [uid] => 40
            [seller_permission] => 
            [sub_cat_id] => 1
            [name] => 08subsub
            [desc] => <p>08subsub</p>
            [image] => 
            [sort] => 1
            [status] => 1
            [created] => 2020-06-14 23:24:26
            [changed] => 
            [lang] => en
        )

    [1] => stdClass Object
        (
            [id] => 2
            [ids] => 4f71859374bbd59e73cb90d3f0778991
            [uid] => 40
            [seller_permission] => 
            [sub_cat_id] => 2
            [name] => 01subsub
            [desc] => <p>081subsub</p>
            [image] => 
            [sort] => 1
            [status] => 1
            [created] => 2020-06-14 23:25:20
            [changed] => 2020-09-27 11:45:16
            [lang] => en
        )

    [2] => stdClass Object
        (
            [id] => 3
            [ids] => 79281f81f253ae5714ed29b8bbd1cf94
            [uid] => 40
            [seller_permission] => 
            [sub_cat_id] => 3
            [name] => 09subsub
            [desc] => <p>09subsub</p>
            [image] => 
            [sort] => 1
            [status] => 1
            [created] => 2020-06-14 23:41:16
            [changed] => 2020-06-14 23:41:16
            [lang] => en
        )

    [3] => stdClass Object
        (
            [id] => 4
            [ids] => 9237a5a23fe050e58c25f808637d7c08
            [uid] => 40
            [seller_permission] => 
            [sub_cat_id] => 4
            [name] => 091subsub
            [desc] => <p>091subsub</p>
            [image] => 
            [sort] => 1
            [status] => 1
            [created] => 2020-06-14 23:42:22
            [changed] => 2020-06-14 23:42:22
            [lang] => en
        )

)
stdClass Object
(
    [id] => 45
    [ids] => 4803169bb0df7a5ceea130a7d475163c
    [role] => admin
    [login_type] => admin
    [first_name] => Mseller
    [last_name] => Wahab 
    [email] => taofeekolamilekan218@gmail.com
    [password] => ad5f82e879a9c5d6b5b442eb37e50551
    [timezone] => Pacific/Niue
    [more_information] => 
    [settings] => 
    [menu_permissions] => 
    [super_admin] => 1
    [desc] => 
    [balance] => 8198.3000
    [custom_rate] => 0
    [api_key] => roTgVDCImNmwwZaTg3xpaSrEBPmfSNgU
    [spent] => 
    [activation_key] => 4a6a1d8eaeb0f8d4ae65d194498be10f
    [reset_key] => 4c6410cc94c116fd332f0e296140f311
    [history_ip] => ::1
    [status] => 1
    [lang] => en
    [changed] => 2020-12-28 11:19:11
    [created] => 2020-12-28 11:19:11
)
Array
(
    [0] => stdClass Object
        (
            [id] => 1
            [ids] => c84c518a5f3103308b301e9d4fd465c8
            [uid] => 40
            [seller_permission] => 
            [sub_cat_id] => 1
            [name] => 08subsub
            [desc] => <p>08subsub</p>
            [image] => 
            [sort] => 1
            [status] => 1
            [created] => 2020-06-14 23:24:26
            [changed] => 
            [lang] => en
        )

    [1] => stdClass Object
        (
            [id] => 2
            [ids] => 4f71859374bbd59e73cb90d3f0778991
            [uid] => 40
            [seller_permission] => 
            [sub_cat_id] => 2
            [name] => 01subsub
            [desc] => <p>081subsub</p>
            [image] => 
            [sort] => 1
            [status] => 1
            [created] => 2020-06-14 23:25:20
            [changed] => 2020-09-27 11:45:16
            [lang] => en
        )

    [2] => stdClass Object
        (
            [id] => 3
            [ids] => 79281f81f253ae5714ed29b8bbd1cf94
            [uid] => 40
            [seller_permission] => 
            [sub_cat_id] => 3
            [name] => 09subsub
            [desc] => <p>09subsub</p>
            [image] => 
            [sort] => 1
            [status] => 1
            [created] => 2020-06-14 23:41:16
            [changed] => 2020-06-14 23:41:16
            [lang] => en
        )

    [3] => stdClass Object
        (
            [id] => 4
            [ids] => 9237a5a23fe050e58c25f808637d7c08
            [uid] => 40
            [seller_permission] => 
            [sub_cat_id] => 4
            [name] => 091subsub
            [desc] => <p>091subsub</p>
            [image] => 
            [sort] => 1
            [status] => 1
            [created] => 2020-06-14 23:42:22
            [changed] => 2020-06-14 23:42:22
            [lang] => en
        )

)
Array
(
    [0] => stdClass Object
        (
            [id] => 1
            [ids] => c84c518a5f3103308b301e9d4fd465c8
            [uid] => 40
            [seller_permission] => 
            [sub_cat_id] => 1
            [name] => 08subsub
            [desc] => <p>08subsub</p>
            [image] => 
            [sort] => 1
            [status] => 1
            [created] => 2020-06-14 23:24:26
            [changed] => 
            [lang] => en
        )

    [1] => stdClass Object
        (
            [id] => 2
            [ids] => 4f71859374bbd59e73cb90d3f0778991
            [uid] => 40
            [seller_permission] => 
            [sub_cat_id] => 2
            [name] => 01subsub
            [desc] => <p>081subsub</p>
            [image] => 
            [sort] => 1
            [status] => 1
            [created] => 2020-06-14 23:25:20
            [changed] => 2020-09-27 11:45:16
            [lang] => en
        )

    [2] => stdClass Object
        (
            [id] => 3
            [ids] => 79281f81f253ae5714ed29b8bbd1cf94
            [uid] => 40
            [seller_permission] => 
            [sub_cat_id] => 3
            [name] => 09subsub
            [desc] => <p>09subsub</p>
            [image] => 
            [sort] => 1
            [status] => 1
            [created] => 2020-06-14 23:41:16
            [changed] => 2020-06-14 23:41:16
            [lang] => en
        )

    [3] => stdClass Object
        (
            [id] => 4
            [ids] => 9237a5a23fe050e58c25f808637d7c08
            [uid] => 40
            [seller_permission] => 
            [sub_cat_id] => 4
            [name] => 091subsub
            [desc] => <p>091subsub</p>
            [image] => 
            [sort] => 1
            [status] => 1
            [created] => 2020-06-14 23:42:22
            [changed] => 2020-06-14 23:42:22
            [lang] => en
        )

)
stdClass Object
(
    [id] => 45
    [ids] => 4803169bb0df7a5ceea130a7d475163c
    [role] => admin
    [login_type] => admin
    [first_name] => Mseller
    [last_name] => Wahab 
    [email] => taofeekolamilekan218@gmail.com
    [password] => ad5f82e879a9c5d6b5b442eb37e50551
    [timezone] => Pacific/Niue
    [more_information] => 
    [settings] => 
    [menu_permissions] => 
    [super_admin] => 1
    [desc] => 
    [balance] => 8198.3000
    [custom_rate] => 0
    [api_key] => roTgVDCImNmwwZaTg3xpaSrEBPmfSNgU
    [spent] => 
    [activation_key] => 4a6a1d8eaeb0f8d4ae65d194498be10f
    [reset_key] => 4c6410cc94c116fd332f0e296140f311
    [history_ip] => ::1
    [status] => 1
    [lang] => en
    [changed] => 2020-12-28 11:19:11
    [created] => 2020-12-28 11:19:11
)
Array
(
    [0] => stdClass Object
        (
            [id] => 1
            [ids] => c84c518a5f3103308b301e9d4fd465c8
            [uid] => 40
            [seller_permission] => 
            [sub_cat_id] => 1
            [name] => 08subsub
            [desc] => <p>08subsub</p>
            [image] => 
            [sort] => 1
            [status] => 1
            [created] => 2020-06-14 23:24:26
            [changed] => 
            [lang] => en
        )

    [1] => stdClass Object
        (
            [id] => 2
            [ids] => 4f71859374bbd59e73cb90d3f0778991
            [uid] => 40
            [seller_permission] => 
            [sub_cat_id] => 2
            [name] => 01subsub
            [desc] => <p>081subsub</p>
            [image] => 
            [sort] => 1
            [status] => 1
            [created] => 2020-06-14 23:25:20
            [changed] => 2020-09-27 11:45:16
            [lang] => en
        )

    [2] => stdClass Object
        (
            [id] => 3
            [ids] => 79281f81f253ae5714ed29b8bbd1cf94
            [uid] => 40
            [seller_permission] => 
            [sub_cat_id] => 3
            [name] => 09subsub
            [desc] => <p>09subsub</p>
            [image] => 
            [sort] => 1
            [status] => 1
            [created] => 2020-06-14 23:41:16
            [changed] => 2020-06-14 23:41:16
            [lang] => en
        )

    [3] => stdClass Object
        (
            [id] => 4
            [ids] => 9237a5a23fe050e58c25f808637d7c08
            [uid] => 40
            [seller_permission] => 
            [sub_cat_id] => 4
            [name] => 091subsub
            [desc] => <p>091subsub</p>
            [image] => 
            [sort] => 1
            [status] => 1
            [created] => 2020-06-14 23:42:22
            [changed] => 2020-06-14 23:42:22
            [lang] => en
        )

)
stdClass Object
(
    [id] => 45
    [ids] => 4803169bb0df7a5ceea130a7d475163c
    [role] => admin
    [login_type] => admin
    [first_name] => Mseller
    [last_name] => Wahab 
    [email] => taofeekolamilekan218@gmail.com
    [password] => ad5f82e879a9c5d6b5b442eb37e50551
    [timezone] => Pacific/Niue
    [more_information] => 
    [settings] => 
    [menu_permissions] => 
    [super_admin] => 1
    [desc] => 
    [balance] => 8198.3000
    [custom_rate] => 0
    [api_key] => roTgVDCImNmwwZaTg3xpaSrEBPmfSNgU
    [spent] => 
    [activation_key] => 4a6a1d8eaeb0f8d4ae65d194498be10f
    [reset_key] => 4c6410cc94c116fd332f0e296140f311
    [history_ip] => ::1
    [status] => 1
    [lang] => en
    [changed] => 2020-12-28 11:19:11
    [created] => 2020-12-28 11:19:11
)
Array
(
    [0] => stdClass Object
        (
            [id] => 1
            [ids] => c84c518a5f3103308b301e9d4fd465c8
            [uid] => 40
            [seller_permission] => 
            [sub_cat_id] => 1
            [name] => 08subsub
            [desc] => <p>08subsub</p>
            [image] => 
            [sort] => 1
            [status] => 1
            [created] => 2020-06-14 23:24:26
            [changed] => 
            [lang] => en
        )

    [1] => stdClass Object
        (
            [id] => 2
            [ids] => 4f71859374bbd59e73cb90d3f0778991
            [uid] => 40
            [seller_permission] => 
            [sub_cat_id] => 2
            [name] => 01subsub
            [desc] => <p>081subsub</p>
            [image] => 
            [sort] => 1
            [status] => 1
            [created] => 2020-06-14 23:25:20
            [changed] => 2020-09-27 11:45:16
            [lang] => en
        )

    [2] => stdClass Object
        (
            [id] => 3
            [ids] => 79281f81f253ae5714ed29b8bbd1cf94
            [uid] => 40
            [seller_permission] => 
            [sub_cat_id] => 3
            [name] => 09subsub
            [desc] => <p>09subsub</p>
            [image] => 
            [sort] => 1
            [status] => 1
            [created] => 2020-06-14 23:41:16
            [changed] => 2020-06-14 23:41:16
            [lang] => en
        )

    [3] => stdClass Object
        (
            [id] => 4
            [ids] => 9237a5a23fe050e58c25f808637d7c08
            [uid] => 40
            [seller_permission] => 
            [sub_cat_id] => 4
            [name] => 091subsub
            [desc] => <p>091subsub</p>
            [image] => 
            [sort] => 1
            [status] => 1
            [created] => 2020-06-14 23:42:22
            [changed] => 2020-06-14 23:42:22
            [lang] => en
        )

)
Array
(
    [0] => stdClass Object
        (
            [id] => 1
            [ids] => c84c518a5f3103308b301e9d4fd465c8
            [uid] => 40
            [seller_permission] => 
            [sub_cat_id] => 1
            [name] => 08subsub
            [desc] => <p>08subsub</p>
            [image] => 
            [sort] => 1
            [status] => 1
            [created] => 2020-06-14 23:24:26
            [changed] => 
            [lang] => en
        )

    [1] => stdClass Object
        (
            [id] => 2
            [ids] => 4f71859374bbd59e73cb90d3f0778991
            [uid] => 40
            [seller_permission] => 
            [sub_cat_id] => 2
            [name] => 01subsub
            [desc] => <p>081subsub</p>
            [image] => 
            [sort] => 1
            [status] => 1
            [created] => 2020-06-14 23:25:20
            [changed] => 2020-09-27 11:45:16
            [lang] => en
        )

    [2] => stdClass Object
        (
            [id] => 3
            [ids] => 79281f81f253ae5714ed29b8bbd1cf94
            [uid] => 40
            [seller_permission] => 
            [sub_cat_id] => 3
            [name] => 09subsub
            [desc] => <p>09subsub</p>
            [image] => 
            [sort] => 1
            [status] => 1
            [created] => 2020-06-14 23:41:16
            [changed] => 2020-06-14 23:41:16
            [lang] => en
        )

    [3] => stdClass Object
        (
            [id] => 4
            [ids] => 9237a5a23fe050e58c25f808637d7c08
            [uid] => 40
            [seller_permission] => 
            [sub_cat_id] => 4
            [name] => 091subsub
            [desc] => <p>091subsub</p>
            [image] => 
            [sort] => 1
            [status] => 1
            [created] => 2020-06-14 23:42:22
            [changed] => 2020-06-14 23:42:22
            [lang] => en
        )

)
stdClass Object
(
    [id] => 45
    [ids] => 4803169bb0df7a5ceea130a7d475163c
    [role] => admin
    [login_type] => admin
    [first_name] => Mseller
    [last_name] => Wahab 
    [email] => taofeekolamilekan218@gmail.com
    [password] => ad5f82e879a9c5d6b5b442eb37e50551
    [timezone] => Pacific/Niue
    [more_information] => 
    [settings] => 
    [menu_permissions] => 
    [super_admin] => 1
    [desc] => 
    [balance] => 8198.3000
    [custom_rate] => 0
    [api_key] => roTgVDCImNmwwZaTg3xpaSrEBPmfSNgU
    [spent] => 
    [activation_key] => 4a6a1d8eaeb0f8d4ae65d194498be10f
    [reset_key] => 4c6410cc94c116fd332f0e296140f311
    [history_ip] => ::1
    [status] => 1
    [lang] => en
    [changed] => 2020-12-28 11:19:11
    [created] => 2020-12-28 11:19:11
)
Array
(
    [0] => stdClass Object
        (
            [id] => 1
            [ids] => c84c518a5f3103308b301e9d4fd465c8
            [uid] => 40
            [seller_permission] => 
            [sub_cat_id] => 1
            [name] => 08subsub
            [desc] => <p>08subsub</p>
            [image] => 
            [sort] => 1
            [status] => 1
            [created] => 2020-06-14 23:24:26
            [changed] => 
            [lang] => en
        )

    [1] => stdClass Object
        (
            [id] => 2
            [ids] => 4f71859374bbd59e73cb90d3f0778991
            [uid] => 40
            [seller_permission] => 
            [sub_cat_id] => 2
            [name] => 01subsub
            [desc] => <p>081subsub</p>
            [image] => 
            [sort] => 1
            [status] => 1
            [created] => 2020-06-14 23:25:20
            [changed] => 2020-09-27 11:45:16
            [lang] => en
        )

    [2] => stdClass Object
        (
            [id] => 3
            [ids] => 79281f81f253ae5714ed29b8bbd1cf94
            [uid] => 40
            [seller_permission] => 
            [sub_cat_id] => 3
            [name] => 09subsub
            [desc] => <p>09subsub</p>
            [image] => 
            [sort] => 1
            [status] => 1
            [created] => 2020-06-14 23:41:16
            [changed] => 2020-06-14 23:41:16
            [lang] => en
        )

    [3] => stdClass Object
        (
            [id] => 4
            [ids] => 9237a5a23fe050e58c25f808637d7c08
            [uid] => 40
            [seller_permission] => 
            [sub_cat_id] => 4
            [name] => 091subsub
            [desc] => <p>091subsub</p>
            [image] => 
            [sort] => 1
            [status] => 1
            [created] => 2020-06-14 23:42:22
            [changed] => 2020-06-14 23:42:22
            [lang] => en
        )

)
stdClass Object
(
    [id] => 45
    [ids] => 4803169bb0df7a5ceea130a7d475163c
    [role] => admin
    [login_type] => admin
    [first_name] => Mseller
    [last_name] => Wahab 
    [email] => taofeekolamilekan218@gmail.com
    [password] => ad5f82e879a9c5d6b5b442eb37e50551
    [timezone] => Pacific/Niue
    [more_information] => 
    [settings] => 
    [menu_permissions] => 
    [super_admin] => 1
    [desc] => 
    [balance] => 8198.3000
    [custom_rate] => 0
    [api_key] => roTgVDCImNmwwZaTg3xpaSrEBPmfSNgU
    [spent] => 
    [activation_key] => 4a6a1d8eaeb0f8d4ae65d194498be10f
    [reset_key] => 4c6410cc94c116fd332f0e296140f311
    [history_ip] => ::1
    [status] => 1
    [lang] => en
    [changed] => 2020-12-28 11:19:11
    [created] => 2020-12-28 11:19:11
)
Array
(
    [0] => stdClass Object
        (
            [id] => 1
            [ids] => c84c518a5f3103308b301e9d4fd465c8
            [uid] => 40
            [seller_permission] => 
            [sub_cat_id] => 1
            [name] => 08subsub
            [desc] => <p>08subsub</p>
            [image] => 
            [sort] => 1
            [status] => 1
            [created] => 2020-06-14 23:24:26
            [changed] => 
            [lang] => en
        )

    [1] => stdClass Object
        (
            [id] => 2
            [ids] => 4f71859374bbd59e73cb90d3f0778991
            [uid] => 40
            [seller_permission] => 
            [sub_cat_id] => 2
            [name] => 01subsub
            [desc] => <p>081subsub</p>
            [image] => 
            [sort] => 1
            [status] => 1
            [created] => 2020-06-14 23:25:20
            [changed] => 2020-09-27 11:45:16
            [lang] => en
        )

    [2] => stdClass Object
        (
            [id] => 3
            [ids] => 79281f81f253ae5714ed29b8bbd1cf94
            [uid] => 40
            [seller_permission] => 
            [sub_cat_id] => 3
            [name] => 09subsub
            [desc] => <p>09subsub</p>
            [image] => 
            [sort] => 1
            [status] => 1
            [created] => 2020-06-14 23:41:16
            [changed] => 2020-06-14 23:41:16
            [lang] => en
        )

    [3] => stdClass Object
        (
            [id] => 4
            [ids] => 9237a5a23fe050e58c25f808637d7c08
            [uid] => 40
            [seller_permission] => 
            [sub_cat_id] => 4
            [name] => 091subsub
            [desc] => <p>091subsub</p>
            [image] => 
            [sort] => 1
            [status] => 1
            [created] => 2020-06-14 23:42:22
            [changed] => 2020-06-14 23:42:22
            [lang] => en
        )

)
Array
(
    [0] => stdClass Object
        (
            [id] => 1
            [ids] => c84c518a5f3103308b301e9d4fd465c8
            [uid] => 40
            [seller_permission] => 
            [sub_cat_id] => 1
            [name] => 08subsub
            [desc] => <p>08subsub</p>
            [image] => 
            [sort] => 1
            [status] => 1
            [created] => 2020-06-14 23:24:26
            [changed] => 
            [lang] => en
        )

    [1] => stdClass Object
        (
            [id] => 2
            [ids] => 4f71859374bbd59e73cb90d3f0778991
            [uid] => 40
            [seller_permission] => 
            [sub_cat_id] => 2
            [name] => 01subsub
            [desc] => <p>081subsub</p>
            [image] => 
            [sort] => 1
            [status] => 1
            [created] => 2020-06-14 23:25:20
            [changed] => 2020-09-27 11:45:16
            [lang] => en
        )

    [2] => stdClass Object
        (
            [id] => 3
            [ids] => 79281f81f253ae5714ed29b8bbd1cf94
            [uid] => 40
            [seller_permission] => 
            [sub_cat_id] => 3
            [name] => 09subsub
            [desc] => <p>09subsub</p>
            [image] => 
            [sort] => 1
            [status] => 1
            [created] => 2020-06-14 23:41:16
            [changed] => 2020-06-14 23:41:16
            [lang] => en
        )

    [3] => stdClass Object
        (
            [id] => 4
            [ids] => 9237a5a23fe050e58c25f808637d7c08
            [uid] => 40
            [seller_permission] => 
            [sub_cat_id] => 4
            [name] => 091subsub
            [desc] => <p>091subsub</p>
            [image] => 
            [sort] => 1
            [status] => 1
            [created] => 2020-06-14 23:42:22
            [changed] => 2020-06-14 23:42:22
            [lang] => en
        )

)
stdClass Object
(
    [id] => 45
    [ids] => 4803169bb0df7a5ceea130a7d475163c
    [role] => admin
    [login_type] => admin
    [first_name] => Mseller
    [last_name] => Wahab 
    [email] => taofeekolamilekan218@gmail.com
    [password] => ad5f82e879a9c5d6b5b442eb37e50551
    [timezone] => Pacific/Niue
    [more_information] => 
    [settings] => 
    [menu_permissions] => 
    [super_admin] => 1
    [desc] => 
    [balance] => 8198.3000
    [custom_rate] => 0
    [api_key] => roTgVDCImNmwwZaTg3xpaSrEBPmfSNgU
    [spent] => 
    [activation_key] => 4a6a1d8eaeb0f8d4ae65d194498be10f
    [reset_key] => 4c6410cc94c116fd332f0e296140f311
    [history_ip] => ::1
    [status] => 1
    [lang] => en
    [changed] => 2020-12-28 11:19:11
    [created] => 2020-12-28 11:19:11
)
Array
(
    [0] => stdClass Object
        (
            [id] => 1
            [ids] => c84c518a5f3103308b301e9d4fd465c8
            [uid] => 40
            [seller_permission] => 
            [sub_cat_id] => 1
            [name] => 08subsub
            [desc] => <p>08subsub</p>
            [image] => 
            [sort] => 1
            [status] => 1
            [created] => 2020-06-14 23:24:26
            [changed] => 
            [lang] => en
        )

    [1] => stdClass Object
        (
            [id] => 2
            [ids] => 4f71859374bbd59e73cb90d3f0778991
            [uid] => 40
            [seller_permission] => 
            [sub_cat_id] => 2
            [name] => 01subsub
            [desc] => <p>081subsub</p>
            [image] => 
            [sort] => 1
            [status] => 1
            [created] => 2020-06-14 23:25:20
            [changed] => 2020-09-27 11:45:16
            [lang] => en
        )

    [2] => stdClass Object
        (
            [id] => 3
            [ids] => 79281f81f253ae5714ed29b8bbd1cf94
            [uid] => 40
            [seller_permission] => 
            [sub_cat_id] => 3
            [name] => 09subsub
            [desc] => <p>09subsub</p>
            [image] => 
            [sort] => 1
            [status] => 1
            [created] => 2020-06-14 23:41:16
            [changed] => 2020-06-14 23:41:16
            [lang] => en
        )

    [3] => stdClass Object
        (
            [id] => 4
            [ids] => 9237a5a23fe050e58c25f808637d7c08
            [uid] => 40
            [seller_permission] => 
            [sub_cat_id] => 4
            [name] => 091subsub
            [desc] => <p>091subsub</p>
            [image] => 
            [sort] => 1
            [status] => 1
            [created] => 2020-06-14 23:42:22
            [changed] => 2020-06-14 23:42:22
            [lang] => en
        )

)
Array
(
    [0] => stdClass Object
        (
            [id] => 1
            [ids] => c84c518a5f3103308b301e9d4fd465c8
            [uid] => 40
            [seller_permission] => 
            [sub_cat_id] => 1
            [name] => 08subsub
            [desc] => <p>08subsub</p>
            [image] => 
            [sort] => 1
            [status] => 1
            [created] => 2020-06-14 23:24:26
            [changed] => 
            [lang] => en
        )

    [1] => stdClass Object
        (
            [id] => 2
            [ids] => 4f71859374bbd59e73cb90d3f0778991
            [uid] => 40
            [seller_permission] => 
            [sub_cat_id] => 2
            [name] => 01subsub
            [desc] => <p>081subsub</p>
            [image] => 
            [sort] => 1
            [status] => 1
            [created] => 2020-06-14 23:25:20
            [changed] => 2020-09-27 11:45:16
            [lang] => en
        )

    [2] => stdClass Object
        (
            [id] => 3
            [ids] => 79281f81f253ae5714ed29b8bbd1cf94
            [uid] => 40
            [seller_permission] => 
            [sub_cat_id] => 3
            [name] => 09subsub
            [desc] => <p>09subsub</p>
            [image] => 
            [sort] => 1
            [status] => 1
            [created] => 2020-06-14 23:41:16
            [changed] => 2020-06-14 23:41:16
            [lang] => en
        )

    [3] => stdClass Object
        (
            [id] => 4
            [ids] => 9237a5a23fe050e58c25f808637d7c08
            [uid] => 40
            [seller_permission] => 
            [sub_cat_id] => 4
            [name] => 091subsub
            [desc] => <p>091subsub</p>
            [image] => 
            [sort] => 1
            [status] => 1
            [created] => 2020-06-14 23:42:22
            [changed] => 2020-06-14 23:42:22
            [lang] => en
        )

)
stdClass Object
(
    [id] => 6
    [ids] => 44b662a2abac5eb6b4ca05e0fd975dab
    [role] => admin
    [login_type] => 
    [first_name] => Admin
    [last_name] => Domain
    [email] => admin@mseller.com
    [password] => ad5f82e879a9c5d6b5b442eb37e50551
    [timezone] => Pacific/Niue
    [more_information] => 
    [settings] => 
    [menu_permissions] => 
    [super_admin] => 1
    [desc] => 
    [balance] => 0.0000
    [custom_rate] => 0
    [api_key] => lqaAanRuNioiqIvRCu938aDSKV3BsvZ0
    [spent] => 
    [activation_key] => b0ced67ba65f75a670713b4f3f1ecffc
    [reset_key] => 165d2bb02d94f396fdc9e026db8a0c34
    [history_ip] => 127.0.0.1
    [status] => 1
    [lang] => en
    [changed] => 2021-01-09 08:22:30
    [created] => 2021-01-09 08:22:30
)
Array
(
    [0] => stdClass Object
        (
            [id] => 1
            [ids] => c84c518a5f3103308b301e9d4fd465c8
            [uid] => 40
            [seller_permission] => 
            [sub_cat_id] => 1
            [name] => 08subsub
            [desc] => <p>08subsub</p>
            [image] => 
            [sort] => 1
            [status] => 1
            [created] => 2020-06-14 23:24:26
            [changed] => 
            [lang] => en
        )

    [1] => stdClass Object
        (
            [id] => 2
            [ids] => 4f71859374bbd59e73cb90d3f0778991
            [uid] => 40
            [seller_permission] => 
            [sub_cat_id] => 2
            [name] => 01subsub
            [desc] => <p>081subsub</p>
            [image] => 
            [sort] => 1
            [status] => 1
            [created] => 2020-06-14 23:25:20
            [changed] => 2020-09-27 11:45:16
            [lang] => en
        )

    [2] => stdClass Object
        (
            [id] => 3
            [ids] => 79281f81f253ae5714ed29b8bbd1cf94
            [uid] => 40
            [seller_permission] => 
            [sub_cat_id] => 3
            [name] => 09subsub
            [desc] => <p>09subsub</p>
            [image] => 
            [sort] => 1
            [status] => 1
            [created] => 2020-06-14 23:41:16
            [changed] => 2020-06-14 23:41:16
            [lang] => en
        )

    [3] => stdClass Object
        (
            [id] => 4
            [ids] => 9237a5a23fe050e58c25f808637d7c08
            [uid] => 40
            [seller_permission] => 
            [sub_cat_id] => 4
            [name] => 091subsub
            [desc] => <p>091subsub</p>
            [image] => 
            [sort] => 1
            [status] => 1
            [created] => 2020-06-14 23:42:22
            [changed] => 2020-06-14 23:42:22
            [lang] => en
        )

)
Array
(
    [0] => stdClass Object
        (
            [id] => 1
            [ids] => c84c518a5f3103308b301e9d4fd465c8
            [uid] => 40
            [seller_permission] => 
            [sub_cat_id] => 1
            [name] => 08subsub
            [desc] => <p>08subsub</p>
            [image] => 
            [sort] => 1
            [status] => 1
            [created] => 2020-06-14 23:24:26
            [changed] => 
            [lang] => en
        )

    [1] => stdClass Object
        (
            [id] => 2
            [ids] => 4f71859374bbd59e73cb90d3f0778991
            [uid] => 40
            [seller_permission] => 
            [sub_cat_id] => 2
            [name] => 01subsub
            [desc] => <p>081subsub</p>
            [image] => 
            [sort] => 1
            [status] => 1
            [created] => 2020-06-14 23:25:20
            [changed] => 2020-09-27 11:45:16
            [lang] => en
        )

    [2] => stdClass Object
        (
            [id] => 3
            [ids] => 79281f81f253ae5714ed29b8bbd1cf94
            [uid] => 40
            [seller_permission] => 
            [sub_cat_id] => 3
            [name] => 09subsub
            [desc] => <p>09subsub</p>
            [image] => 
            [sort] => 1
            [status] => 1
            [created] => 2020-06-14 23:41:16
            [changed] => 2020-06-14 23:41:16
            [lang] => en
        )

    [3] => stdClass Object
        (
            [id] => 4
            [ids] => 9237a5a23fe050e58c25f808637d7c08
            [uid] => 40
            [seller_permission] => 
            [sub_cat_id] => 4
            [name] => 091subsub
            [desc] => <p>091subsub</p>
            [image] => 
            [sort] => 1
            [status] => 1
            [created] => 2020-06-14 23:42:22
            [changed] => 2020-06-14 23:42:22
            [lang] => en
        )

)
Array
(
    [0] => stdClass Object
        (
            [id] => 1
            [ids] => c84c518a5f3103308b301e9d4fd465c8
            [uid] => 40
            [seller_permission] => 
            [sub_cat_id] => 1
            [name] => 08subsub
            [desc] => <p>08subsub</p>
            [image] => 
            [sort] => 1
            [status] => 1
            [created] => 2020-06-14 23:24:26
            [changed] => 
            [lang] => en
        )

    [1] => stdClass Object
        (
            [id] => 2
            [ids] => 4f71859374bbd59e73cb90d3f0778991
            [uid] => 40
            [seller_permission] => 
            [sub_cat_id] => 2
            [name] => 01subsub
            [desc] => <p>081subsub</p>
            [image] => 
            [sort] => 1
            [status] => 1
            [created] => 2020-06-14 23:25:20
            [changed] => 2020-09-27 11:45:16
            [lang] => en
        )

    [2] => stdClass Object
        (
            [id] => 3
            [ids] => 79281f81f253ae5714ed29b8bbd1cf94
            [uid] => 40
            [seller_permission] => 
            [sub_cat_id] => 3
            [name] => 09subsub
            [desc] => <p>09subsub</p>
            [image] => 
            [sort] => 1
            [status] => 1
            [created] => 2020-06-14 23:41:16
            [changed] => 2020-06-14 23:41:16
            [lang] => en
        )

    [3] => stdClass Object
        (
            [id] => 4
            [ids] => 9237a5a23fe050e58c25f808637d7c08
            [uid] => 40
            [seller_permission] => 
            [sub_cat_id] => 4
            [name] => 091subsub
            [desc] => <p>091subsub</p>
            [image] => 
            [sort] => 1
            [status] => 1
            [created] => 2020-06-14 23:42:22
            [changed] => 2020-06-14 23:42:22
            [lang] => en
        )

)
stdClass Object
(
    [id] => 6
    [ids] => 44b662a2abac5eb6b4ca05e0fd975dab
    [role] => admin
    [login_type] => 
    [first_name] => Admin
    [last_name] => Domain
    [email] => admin@mseller.com
    [password] => ad5f82e879a9c5d6b5b442eb37e50551
    [timezone] => Pacific/Niue
    [more_information] => 
    [settings] => 
    [menu_permissions] => 
    [super_admin] => 1
    [desc] => 
    [balance] => 0.0000
    [custom_rate] => 0
    [api_key] => lqaAanRuNioiqIvRCu938aDSKV3BsvZ0
    [spent] => 
    [activation_key] => b0ced67ba65f75a670713b4f3f1ecffc
    [reset_key] => 165d2bb02d94f396fdc9e026db8a0c34
    [history_ip] => 127.0.0.1
    [status] => 1
    [lang] => en
    [changed] => 2021-01-09 08:22:30
    [created] => 2021-01-09 08:22:30
)
Array
(
    [0] => stdClass Object
        (
            [id] => 1
            [ids] => c84c518a5f3103308b301e9d4fd465c8
            [uid] => 40
            [seller_permission] => 
            [sub_cat_id] => 1
            [name] => 08subsub
            [desc] => <p>08subsub</p>
            [image] => 
            [sort] => 1
            [status] => 1
            [created] => 2020-06-14 23:24:26
            [changed] => 
            [lang] => en
        )

    [1] => stdClass Object
        (
            [id] => 2
            [ids] => 4f71859374bbd59e73cb90d3f0778991
            [uid] => 40
            [seller_permission] => 
            [sub_cat_id] => 2
            [name] => 01subsub
            [desc] => <p>081subsub</p>
            [image] => 
            [sort] => 1
            [status] => 1
            [created] => 2020-06-14 23:25:20
            [changed] => 2020-09-27 11:45:16
            [lang] => en
        )

    [2] => stdClass Object
        (
            [id] => 3
            [ids] => 79281f81f253ae5714ed29b8bbd1cf94
            [uid] => 40
            [seller_permission] => 
            [sub_cat_id] => 3
            [name] => 09subsub
            [desc] => <p>09subsub</p>
            [image] => 
            [sort] => 1
            [status] => 1
            [created] => 2020-06-14 23:41:16
            [changed] => 2020-06-14 23:41:16
            [lang] => en
        )

    [3] => stdClass Object
        (
            [id] => 4
            [ids] => 9237a5a23fe050e58c25f808637d7c08
            [uid] => 40
            [seller_permission] => 
            [sub_cat_id] => 4
            [name] => 091subsub
            [desc] => <p>091subsub</p>
            [image] => 
            [sort] => 1
            [status] => 1
            [created] => 2020-06-14 23:42:22
            [changed] => 2020-06-14 23:42:22
            [lang] => en
        )

)
Array
(
    [0] => stdClass Object
        (
            [id] => 1
            [ids] => c84c518a5f3103308b301e9d4fd465c8
            [uid] => 40
            [seller_permission] => 
            [sub_cat_id] => 1
            [name] => 08subsub
            [desc] => <p>08subsub</p>
            [image] => 
            [sort] => 1
            [status] => 1
            [created] => 2020-06-14 23:24:26
            [changed] => 
            [lang] => en
        )

    [1] => stdClass Object
        (
            [id] => 2
            [ids] => 4f71859374bbd59e73cb90d3f0778991
            [uid] => 40
            [seller_permission] => 
            [sub_cat_id] => 2
            [name] => 01subsub
            [desc] => <p>081subsub</p>
            [image] => 
            [sort] => 1
            [status] => 1
            [created] => 2020-06-14 23:25:20
            [changed] => 2020-09-27 11:45:16
            [lang] => en
        )

    [2] => stdClass Object
        (
            [id] => 3
            [ids] => 79281f81f253ae5714ed29b8bbd1cf94
            [uid] => 40
            [seller_permission] => 
            [sub_cat_id] => 3
            [name] => 09subsub
            [desc] => <p>09subsub</p>
            [image] => 
            [sort] => 1
            [status] => 1
            [created] => 2020-06-14 23:41:16
            [changed] => 2020-06-14 23:41:16
            [lang] => en
        )

    [3] => stdClass Object
        (
            [id] => 4
            [ids] => 9237a5a23fe050e58c25f808637d7c08
            [uid] => 40
            [seller_permission] => 
            [sub_cat_id] => 4
            [name] => 091subsub
            [desc] => <p>091subsub</p>
            [image] => 
            [sort] => 1
            [status] => 1
            [created] => 2020-06-14 23:42:22
            [changed] => 2020-06-14 23:42:22
            [lang] => en
        )

)
Array
(
    [0] => stdClass Object
        (
            [id] => 1
            [ids] => c84c518a5f3103308b301e9d4fd465c8
            [uid] => 40
            [seller_permission] => 
            [sub_cat_id] => 1
            [name] => 08subsub
            [desc] => <p>08subsub</p>
            [image] => 
            [sort] => 1
            [status] => 1
            [created] => 2020-06-14 23:24:26
            [changed] => 
            [lang] => en
        )

    [1] => stdClass Object
        (
            [id] => 2
            [ids] => 4f71859374bbd59e73cb90d3f0778991
            [uid] => 40
            [seller_permission] => 
            [sub_cat_id] => 2
            [name] => 01subsub
            [desc] => <p>081subsub</p>
            [image] => 
            [sort] => 1
            [status] => 1
            [created] => 2020-06-14 23:25:20
            [changed] => 2020-09-27 11:45:16
            [lang] => en
        )

    [2] => stdClass Object
        (
            [id] => 3
            [ids] => 79281f81f253ae5714ed29b8bbd1cf94
            [uid] => 40
            [seller_permission] => 
            [sub_cat_id] => 3
            [name] => 09subsub
            [desc] => <p>09subsub</p>
            [image] => 
            [sort] => 1
            [status] => 1
            [created] => 2020-06-14 23:41:16
            [changed] => 2020-06-14 23:41:16
            [lang] => en
        )

    [3] => stdClass Object
        (
            [id] => 4
            [ids] => 9237a5a23fe050e58c25f808637d7c08
            [uid] => 40
            [seller_permission] => 
            [sub_cat_id] => 4
            [name] => 091subsub
            [desc] => <p>091subsub</p>
            [image] => 
            [sort] => 1
            [status] => 1
            [created] => 2020-06-14 23:42:22
            [changed] => 2020-06-14 23:42:22
            [lang] => en
        )

)
stdClass Object
(
    [id] => 6
    [ids] => 44b662a2abac5eb6b4ca05e0fd975dab
    [role] => admin
    [login_type] => 
    [first_name] => Admin
    [last_name] => Domain
    [email] => admin@mseller.com
    [password] => ad5f82e879a9c5d6b5b442eb37e50551
    [timezone] => Pacific/Niue
    [more_information] => 
    [settings] => 
    [menu_permissions] => 
    [super_admin] => 1
    [desc] => 
    [balance] => -2.5200
    [custom_rate] => 0
    [api_key] => lqaAanRuNioiqIvRCu938aDSKV3BsvZ0
    [spent] => 
    [activation_key] => b0ced67ba65f75a670713b4f3f1ecffc
    [reset_key] => 165d2bb02d94f396fdc9e026db8a0c34
    [history_ip] => ::1
    [status] => 1
    [lang] => en
    [changed] => 2021-01-09 08:22:30
    [created] => 2021-01-09 08:22:30
)
Array
(
    [0] => stdClass Object
        (
            [id] => 1
            [ids] => c84c518a5f3103308b301e9d4fd465c8
            [uid] => 40
            [seller_permission] => 
            [sub_cat_id] => 1
            [name] => 08subsub
            [desc] => <p>08subsub</p>
            [image] => 
            [sort] => 1
            [status] => 1
            [created] => 2020-06-14 23:24:26
            [changed] => 
            [lang] => en
        )

    [1] => stdClass Object
        (
            [id] => 2
            [ids] => 4f71859374bbd59e73cb90d3f0778991
            [uid] => 40
            [seller_permission] => 
            [sub_cat_id] => 2
            [name] => 01subsub
            [desc] => <p>081subsub</p>
            [image] => 
            [sort] => 1
            [status] => 1
            [created] => 2020-06-14 23:25:20
            [changed] => 2020-09-27 11:45:16
            [lang] => en
        )

    [2] => stdClass Object
        (
            [id] => 3
            [ids] => 79281f81f253ae5714ed29b8bbd1cf94
            [uid] => 40
            [seller_permission] => 
            [sub_cat_id] => 3
            [name] => 09subsub
            [desc] => <p>09subsub</p>
            [image] => 
            [sort] => 1
            [status] => 1
            [created] => 2020-06-14 23:41:16
            [changed] => 2020-06-14 23:41:16
            [lang] => en
        )

    [3] => stdClass Object
        (
            [id] => 4
            [ids] => 9237a5a23fe050e58c25f808637d7c08
            [uid] => 40
            [seller_permission] => 
            [sub_cat_id] => 4
            [name] => 091subsub
            [desc] => <p>091subsub</p>
            [image] => 
            [sort] => 1
            [status] => 1
            [created] => 2020-06-14 23:42:22
            [changed] => 2020-06-14 23:42:22
            [lang] => en
        )

)
stdClass Object
(
    [id] => 6
    [ids] => 44b662a2abac5eb6b4ca05e0fd975dab
    [role] => admin
    [login_type] => 
    [first_name] => Admin
    [last_name] => Domain
    [email] => admin@mseller.com
    [password] => ad5f82e879a9c5d6b5b442eb37e50551
    [timezone] => Pacific/Niue
    [more_information] => 
    [settings] => 
    [menu_permissions] => 
    [super_admin] => 1
    [desc] => 
    [balance] => -49.3200
    [custom_rate] => 0
    [api_key] => lqaAanRuNioiqIvRCu938aDSKV3BsvZ0
    [spent] => 
    [activation_key] => b0ced67ba65f75a670713b4f3f1ecffc
    [reset_key] => 165d2bb02d94f396fdc9e026db8a0c34
    [history_ip] => ::1
    [status] => 1
    [lang] => en
    [changed] => 2021-01-09 08:22:30
    [created] => 2021-01-09 08:22:30
)
Array
(
    [0] => stdClass Object
        (
            [id] => 1
            [ids] => c84c518a5f3103308b301e9d4fd465c8
            [uid] => 40
            [seller_permission] => 
            [sub_cat_id] => 1
            [name] => 08subsub
            [desc] => <p>08subsub</p>
            [image] => 
            [sort] => 1
            [status] => 1
            [created] => 2020-06-14 23:24:26
            [changed] => 
            [lang] => en
        )

    [1] => stdClass Object
        (
            [id] => 2
            [ids] => 4f71859374bbd59e73cb90d3f0778991
            [uid] => 40
            [seller_permission] => 
            [sub_cat_id] => 2
            [name] => 01subsub
            [desc] => <p>081subsub</p>
            [image] => 
            [sort] => 1
            [status] => 1
            [created] => 2020-06-14 23:25:20
            [changed] => 2020-09-27 11:45:16
            [lang] => en
        )

    [2] => stdClass Object
        (
            [id] => 3
            [ids] => 79281f81f253ae5714ed29b8bbd1cf94
            [uid] => 40
            [seller_permission] => 
            [sub_cat_id] => 3
            [name] => 09subsub
            [desc] => <p>09subsub</p>
            [image] => 
            [sort] => 1
            [status] => 1
            [created] => 2020-06-14 23:41:16
            [changed] => 2020-06-14 23:41:16
            [lang] => en
        )

    [3] => stdClass Object
        (
            [id] => 4
            [ids] => 9237a5a23fe050e58c25f808637d7c08
            [uid] => 40
            [seller_permission] => 
            [sub_cat_id] => 4
            [name] => 091subsub
            [desc] => <p>091subsub</p>
            [image] => 
            [sort] => 1
            [status] => 1
            [created] => 2020-06-14 23:42:22
            [changed] => 2020-06-14 23:42:22
            [lang] => en
        )

)
Array
(
    [0] => stdClass Object
        (
            [id] => 1
            [ids] => c84c518a5f3103308b301e9d4fd465c8
            [uid] => 40
            [seller_permission] => 
            [sub_cat_id] => 1
            [name] => 08subsub
            [desc] => <p>08subsub</p>
            [image] => 
            [sort] => 1
            [status] => 1
            [created] => 2020-06-14 23:24:26
            [changed] => 
            [lang] => en
        )

    [1] => stdClass Object
        (
            [id] => 2
            [ids] => 4f71859374bbd59e73cb90d3f0778991
            [uid] => 40
            [seller_permission] => 
            [sub_cat_id] => 2
            [name] => 01subsub
            [desc] => <p>081subsub</p>
            [image] => 
            [sort] => 1
            [status] => 1
            [created] => 2020-06-14 23:25:20
            [changed] => 2020-09-27 11:45:16
            [lang] => en
        )

    [2] => stdClass Object
        (
            [id] => 3
            [ids] => 79281f81f253ae5714ed29b8bbd1cf94
            [uid] => 40
            [seller_permission] => 
            [sub_cat_id] => 3
            [name] => 09subsub
            [desc] => <p>09subsub</p>
            [image] => 
            [sort] => 1
            [status] => 1
            [created] => 2020-06-14 23:41:16
            [changed] => 2020-06-14 23:41:16
            [lang] => en
        )

    [3] => stdClass Object
        (
            [id] => 4
            [ids] => 9237a5a23fe050e58c25f808637d7c08
            [uid] => 40
            [seller_permission] => 
            [sub_cat_id] => 4
            [name] => 091subsub
            [desc] => <p>091subsub</p>
            [image] => 
            [sort] => 1
            [status] => 1
            [created] => 2020-06-14 23:42:22
            [changed] => 2020-06-14 23:42:22
            [lang] => en
        )

)
Array
(
    [0] => stdClass Object
        (
            [id] => 1
            [ids] => c84c518a5f3103308b301e9d4fd465c8
            [uid] => 40
            [seller_permission] => 
            [sub_cat_id] => 1
            [name] => 08subsub
            [desc] => <p>08subsub</p>
            [image] => 
            [sort] => 1
            [status] => 1
            [created] => 2020-06-14 23:24:26
            [changed] => 
            [lang] => en
        )

    [1] => stdClass Object
        (
            [id] => 2
            [ids] => 4f71859374bbd59e73cb90d3f0778991
            [uid] => 40
            [seller_permission] => 
            [sub_cat_id] => 2
            [name] => 01subsub
            [desc] => <p>081subsub</p>
            [image] => 
            [sort] => 1
            [status] => 1
            [created] => 2020-06-14 23:25:20
            [changed] => 2020-09-27 11:45:16
            [lang] => en
        )

    [2] => stdClass Object
        (
            [id] => 3
            [ids] => 79281f81f253ae5714ed29b8bbd1cf94
            [uid] => 40
            [seller_permission] => 
            [sub_cat_id] => 3
            [name] => 09subsub
            [desc] => <p>09subsub</p>
            [image] => 
            [sort] => 1
            [status] => 1
            [created] => 2020-06-14 23:41:16
            [changed] => 2020-06-14 23:41:16
            [lang] => en
        )

    [3] => stdClass Object
        (
            [id] => 4
            [ids] => 9237a5a23fe050e58c25f808637d7c08
            [uid] => 40
            [seller_permission] => 
            [sub_cat_id] => 4
            [name] => 091subsub
            [desc] => <p>091subsub</p>
            [image] => 
            [sort] => 1
            [status] => 1
            [created] => 2020-06-14 23:42:22
            [changed] => 2020-06-14 23:42:22
            [lang] => en
        )

)
Array
(
    [0] => stdClass Object
        (
            [id] => 1
            [ids] => c84c518a5f3103308b301e9d4fd465c8
            [uid] => 40
            [seller_permission] => 
            [sub_cat_id] => 1
            [name] => 08subsub
            [desc] => <p>08subsub</p>
            [image] => 
            [sort] => 1
            [status] => 1
            [created] => 2020-06-14 23:24:26
            [changed] => 
            [lang] => en
        )

    [1] => stdClass Object
        (
            [id] => 2
            [ids] => 4f71859374bbd59e73cb90d3f0778991
            [uid] => 40
            [seller_permission] => 
            [sub_cat_id] => 2
            [name] => 01subsub
            [desc] => <p>081subsub</p>
            [image] => 
            [sort] => 1
            [status] => 1
            [created] => 2020-06-14 23:25:20
            [changed] => 2020-09-27 11:45:16
            [lang] => en
        )

    [2] => stdClass Object
        (
            [id] => 3
            [ids] => 79281f81f253ae5714ed29b8bbd1cf94
            [uid] => 40
            [seller_permission] => 
            [sub_cat_id] => 3
            [name] => 09subsub
            [desc] => <p>09subsub</p>
            [image] => 
            [sort] => 1
            [status] => 1
            [created] => 2020-06-14 23:41:16
            [changed] => 2020-06-14 23:41:16
            [lang] => en
        )

    [3] => stdClass Object
        (
            [id] => 4
            [ids] => 9237a5a23fe050e58c25f808637d7c08
            [uid] => 40
            [seller_permission] => 
            [sub_cat_id] => 4
            [name] => 091subsub
            [desc] => <p>091subsub</p>
            [image] => 
            [sort] => 1
            [status] => 1
            [created] => 2020-06-14 23:42:22
            [changed] => 2020-06-14 23:42:22
            [lang] => en
        )

)
Array
(
    [0] => stdClass Object
        (
            [id] => 1
            [ids] => c84c518a5f3103308b301e9d4fd465c8
            [uid] => 40
            [seller_permission] => 
            [sub_cat_id] => 1
            [name] => 08subsub
            [desc] => <p>08subsub</p>
            [image] => 
            [sort] => 1
            [status] => 1
            [created] => 2020-06-14 23:24:26
            [changed] => 
            [lang] => en
        )

    [1] => stdClass Object
        (
            [id] => 2
            [ids] => 4f71859374bbd59e73cb90d3f0778991
            [uid] => 40
            [seller_permission] => 
            [sub_cat_id] => 2
            [name] => 01subsub
            [desc] => <p>081subsub</p>
            [image] => 
            [sort] => 1
            [status] => 1
            [created] => 2020-06-14 23:25:20
            [changed] => 2020-09-27 11:45:16
            [lang] => en
        )

    [2] => stdClass Object
        (
            [id] => 3
            [ids] => 79281f81f253ae5714ed29b8bbd1cf94
            [uid] => 40
            [seller_permission] => 
            [sub_cat_id] => 3
            [name] => 09subsub
            [desc] => <p>09subsub</p>
            [image] => 
            [sort] => 1
            [status] => 1
            [created] => 2020-06-14 23:41:16
            [changed] => 2020-06-14 23:41:16
            [lang] => en
        )

    [3] => stdClass Object
        (
            [id] => 4
            [ids] => 9237a5a23fe050e58c25f808637d7c08
            [uid] => 40
            [seller_permission] => 
            [sub_cat_id] => 4
            [name] => 091subsub
            [desc] => <p>091subsub</p>
            [image] => 
            [sort] => 1
            [status] => 1
            [created] => 2020-06-14 23:42:22
            [changed] => 2020-06-14 23:42:22
            [lang] => en
        )

)
Array
(
    [0] => stdClass Object
        (
            [id] => 1
            [ids] => c84c518a5f3103308b301e9d4fd465c8
            [uid] => 40
            [seller_permission] => 
            [sub_cat_id] => 1
            [name] => 08subsub
            [desc] => <p>08subsub</p>
            [image] => 
            [sort] => 1
            [status] => 1
            [created] => 2020-06-14 23:24:26
            [changed] => 
            [lang] => en
        )

    [1] => stdClass Object
        (
            [id] => 2
            [ids] => 4f71859374bbd59e73cb90d3f0778991
            [uid] => 40
            [seller_permission] => 
            [sub_cat_id] => 2
            [name] => 01subsub
            [desc] => <p>081subsub</p>
            [image] => 
            [sort] => 1
            [status] => 1
            [created] => 2020-06-14 23:25:20
            [changed] => 2020-09-27 11:45:16
            [lang] => en
        )

    [2] => stdClass Object
        (
            [id] => 3
            [ids] => 79281f81f253ae5714ed29b8bbd1cf94
            [uid] => 40
            [seller_permission] => 
            [sub_cat_id] => 3
            [name] => 09subsub
            [desc] => <p>09subsub</p>
            [image] => 
            [sort] => 1
            [status] => 1
            [created] => 2020-06-14 23:41:16
            [changed] => 2020-06-14 23:41:16
            [lang] => en
        )

    [3] => stdClass Object
        (
            [id] => 4
            [ids] => 9237a5a23fe050e58c25f808637d7c08
            [uid] => 40
            [seller_permission] => 
            [sub_cat_id] => 4
            [name] => 091subsub
            [desc] => <p>091subsub</p>
            [image] => 
            [sort] => 1
            [status] => 1
            [created] => 2020-06-14 23:42:22
            [changed] => 2020-06-14 23:42:22
            [lang] => en
        )

)
Array
(
    [0] => stdClass Object
        (
            [id] => 1
            [ids] => c84c518a5f3103308b301e9d4fd465c8
            [uid] => 40
            [seller_permission] => 
            [sub_cat_id] => 1
            [name] => 08subsub
            [desc] => <p>08subsub</p>
            [image] => 
            [sort] => 1
            [status] => 1
            [created] => 2020-06-14 23:24:26
            [changed] => 
            [lang] => en
        )

    [1] => stdClass Object
        (
            [id] => 2
            [ids] => 4f71859374bbd59e73cb90d3f0778991
            [uid] => 40
            [seller_permission] => 
            [sub_cat_id] => 2
            [name] => 01subsub
            [desc] => <p>081subsub</p>
            [image] => 
            [sort] => 1
            [status] => 1
            [created] => 2020-06-14 23:25:20
            [changed] => 2020-09-27 11:45:16
            [lang] => en
        )

    [2] => stdClass Object
        (
            [id] => 3
            [ids] => 79281f81f253ae5714ed29b8bbd1cf94
            [uid] => 40
            [seller_permission] => 
            [sub_cat_id] => 3
            [name] => 09subsub
            [desc] => <p>09subsub</p>
            [image] => 
            [sort] => 1
            [status] => 1
            [created] => 2020-06-14 23:41:16
            [changed] => 2020-06-14 23:41:16
            [lang] => en
        )

    [3] => stdClass Object
        (
            [id] => 4
            [ids] => 9237a5a23fe050e58c25f808637d7c08
            [uid] => 40
            [seller_permission] => 
            [sub_cat_id] => 4
            [name] => 091subsub
            [desc] => <p>091subsub</p>
            [image] => 
            [sort] => 1
            [status] => 1
            [created] => 2020-06-14 23:42:22
            [changed] => 2020-06-14 23:42:22
            [lang] => en
        )

)
Array
(
    [0] => stdClass Object
        (
            [id] => 1
            [ids] => c84c518a5f3103308b301e9d4fd465c8
            [uid] => 40
            [seller_permission] => 
            [sub_cat_id] => 1
            [name] => 08subsub
            [desc] => <p>08subsub</p>
            [image] => 
            [sort] => 1
            [status] => 1
            [created] => 2020-06-14 23:24:26
            [changed] => 
            [lang] => en
        )

    [1] => stdClass Object
        (
            [id] => 2
            [ids] => 4f71859374bbd59e73cb90d3f0778991
            [uid] => 40
            [seller_permission] => 
            [sub_cat_id] => 2
            [name] => 01subsub
            [desc] => <p>081subsub</p>
            [image] => 
            [sort] => 1
            [status] => 1
            [created] => 2020-06-14 23:25:20
            [changed] => 2020-09-27 11:45:16
            [lang] => en
        )

    [2] => stdClass Object
        (
            [id] => 3
            [ids] => 79281f81f253ae5714ed29b8bbd1cf94
            [uid] => 40
            [seller_permission] => 
            [sub_cat_id] => 3
            [name] => 09subsub
            [desc] => <p>09subsub</p>
            [image] => 
            [sort] => 1
            [status] => 1
            [created] => 2020-06-14 23:41:16
            [changed] => 2020-06-14 23:41:16
            [lang] => en
        )

    [3] => stdClass Object
        (
            [id] => 4
            [ids] => 9237a5a23fe050e58c25f808637d7c08
            [uid] => 40
            [seller_permission] => 
            [sub_cat_id] => 4
            [name] => 091subsub
            [desc] => <p>091subsub</p>
            [image] => 
            [sort] => 1
            [status] => 1
            [created] => 2020-06-14 23:42:22
            [changed] => 2020-06-14 23:42:22
            [lang] => en
        )

)
stdClass Object
(
    [id] => 6
    [ids] => 44b662a2abac5eb6b4ca05e0fd975dab
    [role] => admin
    [login_type] => 
    [first_name] => Admin
    [last_name] => Domain
    [email] => admin@mseller.com
    [password] => ad5f82e879a9c5d6b5b442eb37e50551
    [timezone] => Pacific/Niue
    [more_information] => 
    [settings] => 
    [menu_permissions] => 
    [super_admin] => 1
    [desc] => 
    [balance] => -49.3200
    [custom_rate] => 0
    [api_key] => lqaAanRuNioiqIvRCu938aDSKV3BsvZ0
    [spent] => 
    [activation_key] => b0ced67ba65f75a670713b4f3f1ecffc
    [reset_key] => 165d2bb02d94f396fdc9e026db8a0c34
    [history_ip] => ::1
    [status] => 1
    [lang] => en
    [changed] => 2021-01-09 08:22:30
    [created] => 2021-01-09 08:22:30
)
Array
(
    [0] => stdClass Object
        (
            [id] => 1
            [ids] => c84c518a5f3103308b301e9d4fd465c8
            [uid] => 40
            [seller_permission] => 
            [sub_cat_id] => 1
            [name] => 08subsub
            [desc] => <p>08subsub</p>
            [image] => 
            [sort] => 1
            [status] => 1
            [created] => 2020-06-14 23:24:26
            [changed] => 
            [lang] => en
        )

    [1] => stdClass Object
        (
            [id] => 2
            [ids] => 4f71859374bbd59e73cb90d3f0778991
            [uid] => 40
            [seller_permission] => 
            [sub_cat_id] => 2
            [name] => 01subsub
            [desc] => <p>081subsub</p>
            [image] => 
            [sort] => 1
            [status] => 1
            [created] => 2020-06-14 23:25:20
            [changed] => 2020-09-27 11:45:16
            [lang] => en
        )

    [2] => stdClass Object
        (
            [id] => 3
            [ids] => 79281f81f253ae5714ed29b8bbd1cf94
            [uid] => 40
            [seller_permission] => 
            [sub_cat_id] => 3
            [name] => 09subsub
            [desc] => <p>09subsub</p>
            [image] => 
            [sort] => 1
            [status] => 1
            [created] => 2020-06-14 23:41:16
            [changed] => 2020-06-14 23:41:16
            [lang] => en
        )

    [3] => stdClass Object
        (
            [id] => 4
            [ids] => 9237a5a23fe050e58c25f808637d7c08
            [uid] => 40
            [seller_permission] => 
            [sub_cat_id] => 4
            [name] => 091subsub
            [desc] => <p>091subsub</p>
            [image] => 
            [sort] => 1
            [status] => 1
            [created] => 2020-06-14 23:42:22
            [changed] => 2020-06-14 23:42:22
            [lang] => en
        )

)
Array
(
    [0] => stdClass Object
        (
            [id] => 1
            [ids] => c84c518a5f3103308b301e9d4fd465c8
            [uid] => 40
            [seller_permission] => 
            [sub_cat_id] => 1
            [name] => 08subsub
            [desc] => <p>08subsub</p>
            [image] => 
            [sort] => 1
            [status] => 1
            [created] => 2020-06-14 23:24:26
            [changed] => 
            [lang] => en
        )

    [1] => stdClass Object
        (
            [id] => 2
            [ids] => 4f71859374bbd59e73cb90d3f0778991
            [uid] => 40
            [seller_permission] => 
            [sub_cat_id] => 2
            [name] => 01subsub
            [desc] => <p>081subsub</p>
            [image] => 
            [sort] => 1
            [status] => 1
            [created] => 2020-06-14 23:25:20
            [changed] => 2020-09-27 11:45:16
            [lang] => en
        )

    [2] => stdClass Object
        (
            [id] => 3
            [ids] => 79281f81f253ae5714ed29b8bbd1cf94
            [uid] => 40
            [seller_permission] => 
            [sub_cat_id] => 3
            [name] => 09subsub
            [desc] => <p>09subsub</p>
            [image] => 
            [sort] => 1
            [status] => 1
            [created] => 2020-06-14 23:41:16
            [changed] => 2020-06-14 23:41:16
            [lang] => en
        )

    [3] => stdClass Object
        (
            [id] => 4
            [ids] => 9237a5a23fe050e58c25f808637d7c08
            [uid] => 40
            [seller_permission] => 
            [sub_cat_id] => 4
            [name] => 091subsub
            [desc] => <p>091subsub</p>
            [image] => 
            [sort] => 1
            [status] => 1
            [created] => 2020-06-14 23:42:22
            [changed] => 2020-06-14 23:42:22
            [lang] => en
        )

)
Array
(
    [0] => stdClass Object
        (
            [id] => 1
            [ids] => c84c518a5f3103308b301e9d4fd465c8
            [uid] => 40
            [seller_permission] => 
            [sub_cat_id] => 1
            [name] => 08subsub
            [desc] => <p>08subsub</p>
            [image] => 
            [sort] => 1
            [status] => 1
            [created] => 2020-06-14 23:24:26
            [changed] => 
            [lang] => en
        )

    [1] => stdClass Object
        (
            [id] => 2
            [ids] => 4f71859374bbd59e73cb90d3f0778991
            [uid] => 40
            [seller_permission] => 
            [sub_cat_id] => 2
            [name] => 01subsub
            [desc] => <p>081subsub</p>
            [image] => 
            [sort] => 1
            [status] => 1
            [created] => 2020-06-14 23:25:20
            [changed] => 2020-09-27 11:45:16
            [lang] => en
        )

    [2] => stdClass Object
        (
            [id] => 3
            [ids] => 79281f81f253ae5714ed29b8bbd1cf94
            [uid] => 40
            [seller_permission] => 
            [sub_cat_id] => 3
            [name] => 09subsub
            [desc] => <p>09subsub</p>
            [image] => 
            [sort] => 1
            [status] => 1
            [created] => 2020-06-14 23:41:16
            [changed] => 2020-06-14 23:41:16
            [lang] => en
        )

    [3] => stdClass Object
        (
            [id] => 4
            [ids] => 9237a5a23fe050e58c25f808637d7c08
            [uid] => 40
            [seller_permission] => 
            [sub_cat_id] => 4
            [name] => 091subsub
            [desc] => <p>091subsub</p>
            [image] => 
            [sort] => 1
            [status] => 1
            [created] => 2020-06-14 23:42:22
            [changed] => 2020-06-14 23:42:22
            [lang] => en
        )

)
Array
(
    [0] => stdClass Object
        (
            [id] => 1
            [ids] => c84c518a5f3103308b301e9d4fd465c8
            [uid] => 40
            [seller_permission] => 
            [sub_cat_id] => 1
            [name] => 08subsub
            [desc] => <p>08subsub</p>
            [image] => 
            [sort] => 1
            [status] => 1
            [created] => 2020-06-14 23:24:26
            [changed] => 
            [lang] => en
        )

    [1] => stdClass Object
        (
            [id] => 2
            [ids] => 4f71859374bbd59e73cb90d3f0778991
            [uid] => 40
            [seller_permission] => 
            [sub_cat_id] => 2
            [name] => 01subsub
            [desc] => <p>081subsub</p>
            [image] => 
            [sort] => 1
            [status] => 1
            [created] => 2020-06-14 23:25:20
            [changed] => 2020-09-27 11:45:16
            [lang] => en
        )

    [2] => stdClass Object
        (
            [id] => 3
            [ids] => 79281f81f253ae5714ed29b8bbd1cf94
            [uid] => 40
            [seller_permission] => 
            [sub_cat_id] => 3
            [name] => 09subsub
            [desc] => <p>09subsub</p>
            [image] => 
            [sort] => 1
            [status] => 1
            [created] => 2020-06-14 23:41:16
            [changed] => 2020-06-14 23:41:16
            [lang] => en
        )

    [3] => stdClass Object
        (
            [id] => 4
            [ids] => 9237a5a23fe050e58c25f808637d7c08
            [uid] => 40
            [seller_permission] => 
            [sub_cat_id] => 4
            [name] => 091subsub
            [desc] => <p>091subsub</p>
            [image] => 
            [sort] => 1
            [status] => 1
            [created] => 2020-06-14 23:42:22
            [changed] => 2020-06-14 23:42:22
            [lang] => en
        )

)
stdClass Object
(
    [id] => 6
    [ids] => 44b662a2abac5eb6b4ca05e0fd975dab
    [role] => admin
    [login_type] => 
    [first_name] => Admin
    [last_name] => Domain
    [email] => admin@mseller.com
    [password] => ad5f82e879a9c5d6b5b442eb37e50551
    [timezone] => Pacific/Niue
    [more_information] => 
    [settings] => 
    [menu_permissions] => 
    [super_admin] => 1
    [desc] => 
    [balance] => -49.3200
    [custom_rate] => 0
    [api_key] => lqaAanRuNioiqIvRCu938aDSKV3BsvZ0
    [spent] => 
    [activation_key] => b0ced67ba65f75a670713b4f3f1ecffc
    [reset_key] => 165d2bb02d94f396fdc9e026db8a0c34
    [history_ip] => ::1
    [status] => 1
    [lang] => en
    [changed] => 2021-01-09 08:22:30
    [created] => 2021-01-09 08:22:30
)
Array
(
    [0] => stdClass Object
        (
            [id] => 1
            [ids] => c84c518a5f3103308b301e9d4fd465c8
            [uid] => 40
            [seller_permission] => 
            [sub_cat_id] => 1
            [name] => 08subsub
            [desc] => <p>08subsub</p>
            [image] => 
            [sort] => 1
            [status] => 1
            [created] => 2020-06-14 23:24:26
            [changed] => 
            [lang] => en
        )

    [1] => stdClass Object
        (
            [id] => 2
            [ids] => 4f71859374bbd59e73cb90d3f0778991
            [uid] => 40
            [seller_permission] => 
            [sub_cat_id] => 2
            [name] => 01subsub
            [desc] => <p>081subsub</p>
            [image] => 
            [sort] => 1
            [status] => 1
            [created] => 2020-06-14 23:25:20
            [changed] => 2020-09-27 11:45:16
            [lang] => en
        )

    [2] => stdClass Object
        (
            [id] => 3
            [ids] => 79281f81f253ae5714ed29b8bbd1cf94
            [uid] => 40
            [seller_permission] => 
            [sub_cat_id] => 3
            [name] => 09subsub
            [desc] => <p>09subsub</p>
            [image] => 
            [sort] => 1
            [status] => 1
            [created] => 2020-06-14 23:41:16
            [changed] => 2020-06-14 23:41:16
            [lang] => en
        )

    [3] => stdClass Object
        (
            [id] => 4
            [ids] => 9237a5a23fe050e58c25f808637d7c08
            [uid] => 40
            [seller_permission] => 
            [sub_cat_id] => 4
            [name] => 091subsub
            [desc] => <p>091subsub</p>
            [image] => 
            [sort] => 1
            [status] => 1
            [created] => 2020-06-14 23:42:22
            [changed] => 2020-06-14 23:42:22
            [lang] => en
        )

)
Array
(
    [0] => stdClass Object
        (
            [id] => 1
            [ids] => c84c518a5f3103308b301e9d4fd465c8
            [uid] => 40
            [seller_permission] => 
            [sub_cat_id] => 1
            [name] => 08subsub
            [desc] => <p>08subsub</p>
            [image] => 
            [sort] => 1
            [status] => 1
            [created] => 2020-06-14 23:24:26
            [changed] => 
            [lang] => en
        )

    [1] => stdClass Object
        (
            [id] => 2
            [ids] => 4f71859374bbd59e73cb90d3f0778991
            [uid] => 40
            [seller_permission] => 
            [sub_cat_id] => 2
            [name] => 01subsub
            [desc] => <p>081subsub</p>
            [image] => 
            [sort] => 1
            [status] => 1
            [created] => 2020-06-14 23:25:20
            [changed] => 2020-09-27 11:45:16
            [lang] => en
        )

    [2] => stdClass Object
        (
            [id] => 3
            [ids] => 79281f81f253ae5714ed29b8bbd1cf94
            [uid] => 40
            [seller_permission] => 
            [sub_cat_id] => 3
            [name] => 09subsub
            [desc] => <p>09subsub</p>
            [image] => 
            [sort] => 1
            [status] => 1
            [created] => 2020-06-14 23:41:16
            [changed] => 2020-06-14 23:41:16
            [lang] => en
        )

    [3] => stdClass Object
        (
            [id] => 4
            [ids] => 9237a5a23fe050e58c25f808637d7c08
            [uid] => 40
            [seller_permission] => 
            [sub_cat_id] => 4
            [name] => 091subsub
            [desc] => <p>091subsub</p>
            [image] => 
            [sort] => 1
            [status] => 1
            [created] => 2020-06-14 23:42:22
            [changed] => 2020-06-14 23:42:22
            [lang] => en
        )

)
Array
(
    [0] => stdClass Object
        (
            [id] => 1
            [ids] => c84c518a5f3103308b301e9d4fd465c8
            [uid] => 40
            [seller_permission] => 
            [sub_cat_id] => 1
            [name] => 08subsub
            [desc] => <p>08subsub</p>
            [image] => 
            [sort] => 1
            [status] => 1
            [created] => 2020-06-14 23:24:26
            [changed] => 
            [lang] => en
        )

    [1] => stdClass Object
        (
            [id] => 2
            [ids] => 4f71859374bbd59e73cb90d3f0778991
            [uid] => 40
            [seller_permission] => 
            [sub_cat_id] => 2
            [name] => 01subsub
            [desc] => <p>081subsub</p>
            [image] => 
            [sort] => 1
            [status] => 1
            [created] => 2020-06-14 23:25:20
            [changed] => 2020-09-27 11:45:16
            [lang] => en
        )

    [2] => stdClass Object
        (
            [id] => 3
            [ids] => 79281f81f253ae5714ed29b8bbd1cf94
            [uid] => 40
            [seller_permission] => 
            [sub_cat_id] => 3
            [name] => 09subsub
            [desc] => <p>09subsub</p>
            [image] => 
            [sort] => 1
            [status] => 1
            [created] => 2020-06-14 23:41:16
            [changed] => 2020-06-14 23:41:16
            [lang] => en
        )

    [3] => stdClass Object
        (
            [id] => 4
            [ids] => 9237a5a23fe050e58c25f808637d7c08
            [uid] => 40
            [seller_permission] => 
            [sub_cat_id] => 4
            [name] => 091subsub
            [desc] => <p>091subsub</p>
            [image] => 
            [sort] => 1
            [status] => 1
            [created] => 2020-06-14 23:42:22
            [changed] => 2020-06-14 23:42:22
            [lang] => en
        )

)
Array
(
    [0] => stdClass Object
        (
            [id] => 1
            [ids] => c84c518a5f3103308b301e9d4fd465c8
            [uid] => 40
            [seller_permission] => 
            [sub_cat_id] => 1
            [name] => 08subsub
            [desc] => <p>08subsub</p>
            [image] => 
            [sort] => 1
            [status] => 1
            [created] => 2020-06-14 23:24:26
            [changed] => 
            [lang] => en
        )

    [1] => stdClass Object
        (
            [id] => 2
            [ids] => 4f71859374bbd59e73cb90d3f0778991
            [uid] => 40
            [seller_permission] => 
            [sub_cat_id] => 2
            [name] => 01subsub
            [desc] => <p>081subsub</p>
            [image] => 
            [sort] => 1
            [status] => 1
            [created] => 2020-06-14 23:25:20
            [changed] => 2020-09-27 11:45:16
            [lang] => en
        )

    [2] => stdClass Object
        (
            [id] => 3
            [ids] => 79281f81f253ae5714ed29b8bbd1cf94
            [uid] => 40
            [seller_permission] => 
            [sub_cat_id] => 3
            [name] => 09subsub
            [desc] => <p>09subsub</p>
            [image] => 
            [sort] => 1
            [status] => 1
            [created] => 2020-06-14 23:41:16
            [changed] => 2020-06-14 23:41:16
            [lang] => en
        )

    [3] => stdClass Object
        (
            [id] => 4
            [ids] => 9237a5a23fe050e58c25f808637d7c08
            [uid] => 40
            [seller_permission] => 
            [sub_cat_id] => 4
            [name] => 091subsub
            [desc] => <p>091subsub</p>
            [image] => 
            [sort] => 1
            [status] => 1
            [created] => 2020-06-14 23:42:22
            [changed] => 2020-06-14 23:42:22
            [lang] => en
        )

)
Array
(
    [0] => stdClass Object
        (
            [id] => 1
            [ids] => c84c518a5f3103308b301e9d4fd465c8
            [uid] => 40
            [seller_permission] => 
            [sub_cat_id] => 1
            [name] => 08subsub
            [desc] => <p>08subsub</p>
            [image] => 
            [sort] => 1
            [status] => 1
            [created] => 2020-06-14 23:24:26
            [changed] => 
            [lang] => en
        )

    [1] => stdClass Object
        (
            [id] => 2
            [ids] => 4f71859374bbd59e73cb90d3f0778991
            [uid] => 40
            [seller_permission] => 
            [sub_cat_id] => 2
            [name] => 01subsub
            [desc] => <p>081subsub</p>
            [image] => 
            [sort] => 1
            [status] => 1
            [created] => 2020-06-14 23:25:20
            [changed] => 2020-09-27 11:45:16
            [lang] => en
        )

    [2] => stdClass Object
        (
            [id] => 3
            [ids] => 79281f81f253ae5714ed29b8bbd1cf94
            [uid] => 40
            [seller_permission] => 
            [sub_cat_id] => 3
            [name] => 09subsub
            [desc] => <p>09subsub</p>
            [image] => 
            [sort] => 1
            [status] => 1
            [created] => 2020-06-14 23:41:16
            [changed] => 2020-06-14 23:41:16
            [lang] => en
        )

    [3] => stdClass Object
        (
            [id] => 4
            [ids] => 9237a5a23fe050e58c25f808637d7c08
            [uid] => 40
            [seller_permission] => 
            [sub_cat_id] => 4
            [name] => 091subsub
            [desc] => <p>091subsub</p>
            [image] => 
            [sort] => 1
            [status] => 1
            [created] => 2020-06-14 23:42:22
            [changed] => 2020-06-14 23:42:22
            [lang] => en
        )

)
Array
(
    [0] => stdClass Object
        (
            [id] => 1
            [ids] => c84c518a5f3103308b301e9d4fd465c8
            [uid] => 40
            [seller_permission] => 
            [sub_cat_id] => 1
            [name] => 08subsub
            [desc] => <p>08subsub</p>
            [image] => 
            [sort] => 1
            [status] => 1
            [created] => 2020-06-14 23:24:26
            [changed] => 
            [lang] => en
        )

    [1] => stdClass Object
        (
            [id] => 2
            [ids] => 4f71859374bbd59e73cb90d3f0778991
            [uid] => 40
            [seller_permission] => 
            [sub_cat_id] => 2
            [name] => 01subsub
            [desc] => <p>081subsub</p>
            [image] => 
            [sort] => 1
            [status] => 1
            [created] => 2020-06-14 23:25:20
            [changed] => 2020-09-27 11:45:16
            [lang] => en
        )

    [2] => stdClass Object
        (
            [id] => 3
            [ids] => 79281f81f253ae5714ed29b8bbd1cf94
            [uid] => 40
            [seller_permission] => 
            [sub_cat_id] => 3
            [name] => 09subsub
            [desc] => <p>09subsub</p>
            [image] => 
            [sort] => 1
            [status] => 1
            [created] => 2020-06-14 23:41:16
            [changed] => 2020-06-14 23:41:16
            [lang] => en
        )

    [3] => stdClass Object
        (
            [id] => 4
            [ids] => 9237a5a23fe050e58c25f808637d7c08
            [uid] => 40
            [seller_permission] => 
            [sub_cat_id] => 4
            [name] => 091subsub
            [desc] => <p>091subsub</p>
            [image] => 
            [sort] => 1
            [status] => 1
            [created] => 2020-06-14 23:42:22
            [changed] => 2020-06-14 23:42:22
            [lang] => en
        )

)
Array
(
    [0] => stdClass Object
        (
            [id] => 1
            [ids] => c84c518a5f3103308b301e9d4fd465c8
            [uid] => 40
            [seller_permission] => 
            [sub_cat_id] => 1
            [name] => 08subsub
            [desc] => <p>08subsub</p>
            [image] => 
            [sort] => 1
            [status] => 1
            [created] => 2020-06-14 23:24:26
            [changed] => 
            [lang] => en
        )

    [1] => stdClass Object
        (
            [id] => 2
            [ids] => 4f71859374bbd59e73cb90d3f0778991
            [uid] => 40
            [seller_permission] => 
            [sub_cat_id] => 2
            [name] => 01subsub
            [desc] => <p>081subsub</p>
            [image] => 
            [sort] => 1
            [status] => 1
            [created] => 2020-06-14 23:25:20
            [changed] => 2020-09-27 11:45:16
            [lang] => en
        )

    [2] => stdClass Object
        (
            [id] => 3
            [ids] => 79281f81f253ae5714ed29b8bbd1cf94
            [uid] => 40
            [seller_permission] => 
            [sub_cat_id] => 3
            [name] => 09subsub
            [desc] => <p>09subsub</p>
            [image] => 
            [sort] => 1
            [status] => 1
            [created] => 2020-06-14 23:41:16
            [changed] => 2020-06-14 23:41:16
            [lang] => en
        )

    [3] => stdClass Object
        (
            [id] => 4
            [ids] => 9237a5a23fe050e58c25f808637d7c08
            [uid] => 40
            [seller_permission] => 
            [sub_cat_id] => 4
            [name] => 091subsub
            [desc] => <p>091subsub</p>
            [image] => 
            [sort] => 1
            [status] => 1
            [created] => 2020-06-14 23:42:22
            [changed] => 2020-06-14 23:42:22
            [lang] => en
        )

)
Array
(
    [0] => stdClass Object
        (
            [id] => 1
            [ids] => c84c518a5f3103308b301e9d4fd465c8
            [uid] => 40
            [seller_permission] => 
            [sub_cat_id] => 1
            [name] => 08subsub
            [desc] => <p>08subsub</p>
            [image] => 
            [sort] => 1
            [status] => 1
            [created] => 2020-06-14 23:24:26
            [changed] => 
            [lang] => en
        )

    [1] => stdClass Object
        (
            [id] => 2
            [ids] => 4f71859374bbd59e73cb90d3f0778991
            [uid] => 40
            [seller_permission] => 
            [sub_cat_id] => 2
            [name] => 01subsub
            [desc] => <p>081subsub</p>
            [image] => 
            [sort] => 1
            [status] => 1
            [created] => 2020-06-14 23:25:20
            [changed] => 2020-09-27 11:45:16
            [lang] => en
        )

    [2] => stdClass Object
        (
            [id] => 3
            [ids] => 79281f81f253ae5714ed29b8bbd1cf94
            [uid] => 40
            [seller_permission] => 
            [sub_cat_id] => 3
            [name] => 09subsub
            [desc] => <p>09subsub</p>
            [image] => 
            [sort] => 1
            [status] => 1
            [created] => 2020-06-14 23:41:16
            [changed] => 2020-06-14 23:41:16
            [lang] => en
        )

    [3] => stdClass Object
        (
            [id] => 4
            [ids] => 9237a5a23fe050e58c25f808637d7c08
            [uid] => 40
            [seller_permission] => 
            [sub_cat_id] => 4
            [name] => 091subsub
            [desc] => <p>091subsub</p>
            [image] => 
            [sort] => 1
            [status] => 1
            [created] => 2020-06-14 23:42:22
            [changed] => 2020-06-14 23:42:22
            [lang] => en
        )

)
Array
(
    [0] => stdClass Object
        (
            [id] => 1
            [ids] => c84c518a5f3103308b301e9d4fd465c8
            [uid] => 40
            [seller_permission] => 
            [sub_cat_id] => 1
            [name] => 08subsub
            [desc] => <p>08subsub</p>
            [image] => 
            [sort] => 1
            [status] => 1
            [created] => 2020-06-14 23:24:26
            [changed] => 
            [lang] => en
        )

    [1] => stdClass Object
        (
            [id] => 2
            [ids] => 4f71859374bbd59e73cb90d3f0778991
            [uid] => 40
            [seller_permission] => 
            [sub_cat_id] => 2
            [name] => 01subsub
            [desc] => <p>081subsub</p>
            [image] => 
            [sort] => 1
            [status] => 1
            [created] => 2020-06-14 23:25:20
            [changed] => 2020-09-27 11:45:16
            [lang] => en
        )

    [2] => stdClass Object
        (
            [id] => 3
            [ids] => 79281f81f253ae5714ed29b8bbd1cf94
            [uid] => 40
            [seller_permission] => 
            [sub_cat_id] => 3
            [name] => 09subsub
            [desc] => <p>09subsub</p>
            [image] => 
            [sort] => 1
            [status] => 1
            [created] => 2020-06-14 23:41:16
            [changed] => 2020-06-14 23:41:16
            [lang] => en
        )

    [3] => stdClass Object
        (
            [id] => 4
            [ids] => 9237a5a23fe050e58c25f808637d7c08
            [uid] => 40
            [seller_permission] => 
            [sub_cat_id] => 4
            [name] => 091subsub
            [desc] => <p>091subsub</p>
            [image] => 
            [sort] => 1
            [status] => 1
            [created] => 2020-06-14 23:42:22
            [changed] => 2020-06-14 23:42:22
            [lang] => en
        )

)
stdClass Object
(
    [id] => 6
    [ids] => 44b662a2abac5eb6b4ca05e0fd975dab
    [role] => admin
    [login_type] => 
    [first_name] => Admin
    [last_name] => Domain
    [email] => admin@mseller.com
    [password] => ad5f82e879a9c5d6b5b442eb37e50551
    [timezone] => Pacific/Niue
    [more_information] => 
    [settings] => 
    [menu_permissions] => 
    [super_admin] => 1
    [desc] => 
    [balance] => -49.3200
    [custom_rate] => 0
    [api_key] => lqaAanRuNioiqIvRCu938aDSKV3BsvZ0
    [spent] => 
    [activation_key] => b0ced67ba65f75a670713b4f3f1ecffc
    [reset_key] => 165d2bb02d94f396fdc9e026db8a0c34
    [history_ip] => ::1
    [status] => 1
    [lang] => en
    [changed] => 2021-01-09 08:22:30
    [created] => 2021-01-09 08:22:30
)
Array
(
    [0] => stdClass Object
        (
            [id] => 1
            [ids] => c84c518a5f3103308b301e9d4fd465c8
            [uid] => 40
            [seller_permission] => 
            [sub_cat_id] => 1
            [name] => 08subsub
            [desc] => <p>08subsub</p>
            [image] => 
            [sort] => 1
            [status] => 1
            [created] => 2020-06-14 23:24:26
            [changed] => 
            [lang] => en
        )

    [1] => stdClass Object
        (
            [id] => 2
            [ids] => 4f71859374bbd59e73cb90d3f0778991
            [uid] => 40
            [seller_permission] => 
            [sub_cat_id] => 2
            [name] => 01subsub
            [desc] => <p>081subsub</p>
            [image] => 
            [sort] => 1
            [status] => 1
            [created] => 2020-06-14 23:25:20
            [changed] => 2020-09-27 11:45:16
            [lang] => en
        )

    [2] => stdClass Object
        (
            [id] => 3
            [ids] => 79281f81f253ae5714ed29b8bbd1cf94
            [uid] => 40
            [seller_permission] => 
            [sub_cat_id] => 3
            [name] => 09subsub
            [desc] => <p>09subsub</p>
            [image] => 
            [sort] => 1
            [status] => 1
            [created] => 2020-06-14 23:41:16
            [changed] => 2020-06-14 23:41:16
            [lang] => en
        )

    [3] => stdClass Object
        (
            [id] => 4
            [ids] => 9237a5a23fe050e58c25f808637d7c08
            [uid] => 40
            [seller_permission] => 
            [sub_cat_id] => 4
            [name] => 091subsub
            [desc] => <p>091subsub</p>
            [image] => 
            [sort] => 1
            [status] => 1
            [created] => 2020-06-14 23:42:22
            [changed] => 2020-06-14 23:42:22
            [lang] => en
        )

    [4] => stdClass Object
        (
            [id] => 8
            [ids] => 6b117626309d957d313b3b2a8a02a403
            [uid] => 6
            [seller_permission] => 2,4,5,8
            [sub_cat_id] => 10
            [name] => Likes
            [desc] => <p>Cool like the name</p>
            [image] => 
            [sort] => 1
            [status] => 1
            [created] => 2021-02-15 16:22:47
            [changed] => 
            [lang] => en
        )

)
Array
(
    [0] => stdClass Object
        (
            [id] => 1
            [ids] => c84c518a5f3103308b301e9d4fd465c8
            [uid] => 40
            [seller_permission] => 
            [sub_cat_id] => 1
            [name] => 08subsub
            [desc] => <p>08subsub</p>
            [image] => 
            [sort] => 1
            [status] => 1
            [created] => 2020-06-14 23:24:26
            [changed] => 
            [lang] => en
        )

    [1] => stdClass Object
        (
            [id] => 2
            [ids] => 4f71859374bbd59e73cb90d3f0778991
            [uid] => 40
            [seller_permission] => 
            [sub_cat_id] => 2
            [name] => 01subsub
            [desc] => <p>081subsub</p>
            [image] => 
            [sort] => 1
            [status] => 1
            [created] => 2020-06-14 23:25:20
            [changed] => 2020-09-27 11:45:16
            [lang] => en
        )

    [2] => stdClass Object
        (
            [id] => 3
            [ids] => 79281f81f253ae5714ed29b8bbd1cf94
            [uid] => 40
            [seller_permission] => 
            [sub_cat_id] => 3
            [name] => 09subsub
            [desc] => <p>09subsub</p>
            [image] => 
            [sort] => 1
            [status] => 1
            [created] => 2020-06-14 23:41:16
            [changed] => 2020-06-14 23:41:16
            [lang] => en
        )

    [3] => stdClass Object
        (
            [id] => 4
            [ids] => 9237a5a23fe050e58c25f808637d7c08
            [uid] => 40
            [seller_permission] => 
            [sub_cat_id] => 4
            [name] => 091subsub
            [desc] => <p>091subsub</p>
            [image] => 
            [sort] => 1
            [status] => 1
            [created] => 2020-06-14 23:42:22
            [changed] => 2020-06-14 23:42:22
            [lang] => en
        )

    [4] => stdClass Object
        (
            [id] => 8
            [ids] => 6b117626309d957d313b3b2a8a02a403
            [uid] => 6
            [seller_permission] => 2,4,5,8
            [sub_cat_id] => 10
            [name] => Likes
            [desc] => <p>Cool like the name</p>
            [image] => 
            [sort] => 1
            [status] => 1
            [created] => 2021-02-15 16:22:47
            [changed] => 
            [lang] => en
        )

)
Array
(
    [0] => stdClass Object
        (
            [id] => 1
            [ids] => c84c518a5f3103308b301e9d4fd465c8
            [uid] => 40
            [seller_permission] => 
            [sub_cat_id] => 1
            [name] => 08subsub
            [desc] => <p>08subsub</p>
            [image] => 
            [sort] => 1
            [status] => 1
            [created] => 2020-06-14 23:24:26
            [changed] => 
            [lang] => en
        )

    [1] => stdClass Object
        (
            [id] => 2
            [ids] => 4f71859374bbd59e73cb90d3f0778991
            [uid] => 40
            [seller_permission] => 
            [sub_cat_id] => 2
            [name] => 01subsub
            [desc] => <p>081subsub</p>
            [image] => 
            [sort] => 1
            [status] => 1
            [created] => 2020-06-14 23:25:20
            [changed] => 2020-09-27 11:45:16
            [lang] => en
        )

    [2] => stdClass Object
        (
            [id] => 3
            [ids] => 79281f81f253ae5714ed29b8bbd1cf94
            [uid] => 40
            [seller_permission] => 
            [sub_cat_id] => 3
            [name] => 09subsub
            [desc] => <p>09subsub</p>
            [image] => 
            [sort] => 1
            [status] => 1
            [created] => 2020-06-14 23:41:16
            [changed] => 2020-06-14 23:41:16
            [lang] => en
        )

    [3] => stdClass Object
        (
            [id] => 4
            [ids] => 9237a5a23fe050e58c25f808637d7c08
            [uid] => 40
            [seller_permission] => 
            [sub_cat_id] => 4
            [name] => 091subsub
            [desc] => <p>091subsub</p>
            [image] => 
            [sort] => 1
            [status] => 1
            [created] => 2020-06-14 23:42:22
            [changed] => 2020-06-14 23:42:22
            [lang] => en
        )

    [4] => stdClass Object
        (
            [id] => 8
            [ids] => 6b117626309d957d313b3b2a8a02a403
            [uid] => 6
            [seller_permission] => 2,4,5,8
            [sub_cat_id] => 10
            [name] => Likes
            [desc] => <p>Cool like the name</p>
            [image] => 
            [sort] => 1
            [status] => 1
            [created] => 2021-02-15 16:22:47
            [changed] => 
            [lang] => en
        )

)
stdClass Object
(
    [id] => 6
    [ids] => 44b662a2abac5eb6b4ca05e0fd975dab
    [role] => admin
    [login_type] => 
    [first_name] => Admin
    [last_name] => Domain
    [email] => admin@mseller.com
    [password] => ad5f82e879a9c5d6b5b442eb37e50551
    [timezone] => Pacific/Niue
    [more_information] => 
    [settings] => 
    [menu_permissions] => 
    [super_admin] => 1
    [desc] => 
    [balance] => -49.3200
    [custom_rate] => 0
    [api_key] => lqaAanRuNioiqIvRCu938aDSKV3BsvZ0
    [spent] => 
    [activation_key] => b0ced67ba65f75a670713b4f3f1ecffc
    [reset_key] => 165d2bb02d94f396fdc9e026db8a0c34
    [history_ip] => ::1
    [status] => 1
    [lang] => en
    [changed] => 2021-01-09 08:22:30
    [created] => 2021-01-09 08:22:30
)
stdClass Object
(
    [id] => 6
    [ids] => 44b662a2abac5eb6b4ca05e0fd975dab
    [role] => admin
    [login_type] => 
    [first_name] => Admin
    [last_name] => Domain
    [email] => admin@mseller.com
    [password] => ad5f82e879a9c5d6b5b442eb37e50551
    [timezone] => Pacific/Niue
    [more_information] => 
    [settings] => 
    [menu_permissions] => 
    [super_admin] => 1
    [desc] => 
    [balance] => -49.3200
    [custom_rate] => 0
    [api_key] => lqaAanRuNioiqIvRCu938aDSKV3BsvZ0
    [spent] => 
    [activation_key] => b0ced67ba65f75a670713b4f3f1ecffc
    [reset_key] => 165d2bb02d94f396fdc9e026db8a0c34
    [history_ip] => ::1
    [status] => 1
    [lang] => en
    [changed] => 2021-01-09 08:22:30
    [created] => 2021-01-09 08:22:30
)
Array
(
)
Array
(
)
Array
(
)
Array
(
)
Array
(
)
Array
(
)
Array
(
)
Array
(
)
Array
(
)
Array
(
)
Array
(
)
Array
(
)
Array
(
)
stdClass Object
(
    [id] => 6
    [ids] => 44b662a2abac5eb6b4ca05e0fd975dab
    [role] => admin
    [login_type] => 
    [first_name] => Admin
    [last_name] => Domain
    [email] => admin@mseller.com
    [password] => ad5f82e879a9c5d6b5b442eb37e50551
    [timezone] => Pacific/Niue
    [more_information] => 
    [settings] => 
    [menu_permissions] => 
    [super_admin] => 1
    [desc] => 
    [balance] => -49.3200
    [custom_rate] => 0
    [api_key] => lqaAanRuNioiqIvRCu938aDSKV3BsvZ0
    [spent] => 
    [activation_key] => b0ced67ba65f75a670713b4f3f1ecffc
    [reset_key] => 165d2bb02d94f396fdc9e026db8a0c34
    [history_ip] => ::1
    [status] => 1
    [lang] => en
    [changed] => 2021-01-09 08:22:30
    [created] => 2021-01-09 08:22:30
)
stdClass Object
(
    [id] => 6
    [ids] => 44b662a2abac5eb6b4ca05e0fd975dab
    [role] => admin
    [login_type] => 
    [first_name] => Admin
    [last_name] => Domain
    [email] => admin@mseller.com
    [password] => ad5f82e879a9c5d6b5b442eb37e50551
    [timezone] => Pacific/Niue
    [more_information] => 
    [settings] => 
    [menu_permissions] => 
    [super_admin] => 1
    [desc] => 
    [balance] => -49.3200
    [custom_rate] => 0
    [api_key] => lqaAanRuNioiqIvRCu938aDSKV3BsvZ0
    [spent] => 
    [activation_key] => b0ced67ba65f75a670713b4f3f1ecffc
    [reset_key] => 165d2bb02d94f396fdc9e026db8a0c34
    [history_ip] => ::1
    [status] => 1
    [lang] => en
    [changed] => 2021-01-09 08:22:30
    [created] => 2021-01-09 08:22:30
)
stdClass Object
(
    [id] => 6
    [ids] => 44b662a2abac5eb6b4ca05e0fd975dab
    [role] => admin
    [login_type] => 
    [first_name] => Admin
    [last_name] => Domain
    [email] => admin@mseller.com
    [password] => ad5f82e879a9c5d6b5b442eb37e50551
    [timezone] => Pacific/Niue
    [more_information] => 
    [settings] => 
    [menu_permissions] => 
    [super_admin] => 1
    [desc] => 
    [balance] => -49.3200
    [custom_rate] => 0
    [api_key] => lqaAanRuNioiqIvRCu938aDSKV3BsvZ0
    [spent] => 
    [activation_key] => b0ced67ba65f75a670713b4f3f1ecffc
    [reset_key] => 165d2bb02d94f396fdc9e026db8a0c34
    [history_ip] => ::1
    [status] => 1
    [lang] => en
    [changed] => 2021-01-09 08:22:30
    [created] => 2021-01-09 08:22:30
)
stdClass Object
(
    [id] => 6
    [ids] => 44b662a2abac5eb6b4ca05e0fd975dab
    [role] => admin
    [login_type] => 
    [first_name] => Admin
    [last_name] => Domain
    [email] => admin@mseller.com
    [password] => ad5f82e879a9c5d6b5b442eb37e50551
    [timezone] => Pacific/Niue
    [more_information] => 
    [settings] => 
    [menu_permissions] => 
    [super_admin] => 1
    [desc] => 
    [balance] => -49.3200
    [custom_rate] => 0
    [api_key] => lqaAanRuNioiqIvRCu938aDSKV3BsvZ0
    [spent] => 
    [activation_key] => b0ced67ba65f75a670713b4f3f1ecffc
    [reset_key] => 165d2bb02d94f396fdc9e026db8a0c34
    [history_ip] => ::1
    [status] => 1
    [lang] => en
    [changed] => 2021-01-09 08:22:30
    [created] => 2021-01-09 08:22:30
)
stdClass Object
(
    [id] => 6
    [ids] => 44b662a2abac5eb6b4ca05e0fd975dab
    [role] => admin
    [login_type] => 
    [first_name] => Admin
    [last_name] => Domain
    [email] => admin@mseller.com
    [password] => ad5f82e879a9c5d6b5b442eb37e50551
    [timezone] => Pacific/Niue
    [more_information] => 
    [settings] => 
    [menu_permissions] => 
    [super_admin] => 1
    [desc] => 
    [balance] => -49.3200
    [custom_rate] => 0
    [api_key] => lqaAanRuNioiqIvRCu938aDSKV3BsvZ0
    [spent] => 
    [activation_key] => b0ced67ba65f75a670713b4f3f1ecffc
    [reset_key] => 165d2bb02d94f396fdc9e026db8a0c34
    [history_ip] => ::1
    [status] => 1
    [lang] => en
    [changed] => 2021-01-09 08:22:30
    [created] => 2021-01-09 08:22:30
)
stdClass Object
(
    [id] => 6
    [ids] => 44b662a2abac5eb6b4ca05e0fd975dab
    [role] => admin
    [login_type] => 
    [first_name] => Admin
    [last_name] => Domain
    [email] => admin@mseller.com
    [password] => ad5f82e879a9c5d6b5b442eb37e50551
    [timezone] => Pacific/Niue
    [more_information] => 
    [settings] => 
    [menu_permissions] => 
    [super_admin] => 1
    [desc] => 
    [balance] => -49.3200
    [custom_rate] => 0
    [api_key] => lqaAanRuNioiqIvRCu938aDSKV3BsvZ0
    [spent] => 
    [activation_key] => b0ced67ba65f75a670713b4f3f1ecffc
    [reset_key] => 165d2bb02d94f396fdc9e026db8a0c34
    [history_ip] => ::1
    [status] => 1
    [lang] => en
    [changed] => 2021-01-09 08:22:30
    [created] => 2021-01-09 08:22:30
)
stdClass Object
(
    [id] => 6
    [ids] => 44b662a2abac5eb6b4ca05e0fd975dab
    [role] => admin
    [login_type] => 
    [first_name] => Admin
    [last_name] => Domain
    [email] => admin@mseller.com
    [password] => ad5f82e879a9c5d6b5b442eb37e50551
    [timezone] => Pacific/Niue
    [more_information] => 
    [settings] => 
    [menu_permissions] => 
    [super_admin] => 1
    [desc] => 
    [balance] => -49.3200
    [custom_rate] => 0
    [api_key] => lqaAanRuNioiqIvRCu938aDSKV3BsvZ0
    [spent] => 
    [activation_key] => b0ced67ba65f75a670713b4f3f1ecffc
    [reset_key] => 165d2bb02d94f396fdc9e026db8a0c34
    [history_ip] => ::1
    [status] => 1
    [lang] => en
    [changed] => 2021-01-09 08:22:30
    [created] => 2021-01-09 08:22:30
)
stdClass Object
(
    [id] => 6
    [ids] => 44b662a2abac5eb6b4ca05e0fd975dab
    [role] => admin
    [login_type] => 
    [first_name] => Admin
    [last_name] => Domain
    [email] => admin@mseller.com
    [password] => ad5f82e879a9c5d6b5b442eb37e50551
    [timezone] => Pacific/Niue
    [more_information] => 
    [settings] => 
    [menu_permissions] => 
    [super_admin] => 1
    [desc] => 
    [balance] => -49.3200
    [custom_rate] => 0
    [api_key] => lqaAanRuNioiqIvRCu938aDSKV3BsvZ0
    [spent] => 
    [activation_key] => b0ced67ba65f75a670713b4f3f1ecffc
    [reset_key] => 165d2bb02d94f396fdc9e026db8a0c34
    [history_ip] => ::1
    [status] => 1
    [lang] => en
    [changed] => 2021-01-09 08:22:30
    [created] => 2021-01-09 08:22:30
)
Array
(
)
Array
(
)
stdClass Object
(
    [id] => 6
    [ids] => 44b662a2abac5eb6b4ca05e0fd975dab
    [role] => admin
    [login_type] => 
    [first_name] => Admin
    [last_name] => Domain
    [email] => admin@mseller.com
    [password] => ad5f82e879a9c5d6b5b442eb37e50551
    [timezone] => Pacific/Niue
    [more_information] => 
    [settings] => 
    [menu_permissions] => 
    [super_admin] => 1
    [desc] => 
    [balance] => -49.3200
    [custom_rate] => 0
    [api_key] => lqaAanRuNioiqIvRCu938aDSKV3BsvZ0
    [spent] => 
    [activation_key] => b0ced67ba65f75a670713b4f3f1ecffc
    [reset_key] => 165d2bb02d94f396fdc9e026db8a0c34
    [history_ip] => ::1
    [status] => 1
    [lang] => en
    [changed] => 2021-01-09 08:22:30
    [created] => 2021-01-09 08:22:30
)
Array
(
    [0] => stdClass Object
        (
            [id] => 1
            [ids] => c9b281f11355fdece8717ba72c8d3cb5
            [uid] => 6
            [seller_permission] => 2,4,5,8
            [sub_cat_id] => 3
            [name] => Coding Sec Sub
            [desc] => <p>ok</p>
            [image] => 
            [sort] => 1
            [status] => 1
            [created] => 2021-02-20 20:45:57
            [changed] => 
            [lang] => en
        )

)
